59.98.175.88 - - [10/Oct/2023:16:44:45 +0900] "GET / HTTP/1.1" 200 458 "-" "Mozilla/5.0 (Macintosh; Intel Mac OS X 10_11_6) AppleWebKit/601.7.7 (KHTML, like Gecko) Version/9.1.2 Safari/601.7.7"
80.76.51.191 - - [10/Oct/2023:17:20:28 +0900] "POST /cgi/networkDiag.cgi HTTP/1.1" 499 0 "-" "-"
139.162.84.205 - - [10/Oct/2023:17:38:50 +0900] "GET / HTTP/1.0" 200 458 "-" "Mozilla/5.0 (X11; Linux x86_64) AppleWebKit/537.36 (KHTML, like Gecko) Chrome/109.0.0.0 Safari/537.36"
135.125.244.48 - - [10/Oct/2023:17:51:07 +0900] "GET /.env HTTP/1.1" 404 22 "-" "Mozilla/5.0 (X11; Linux x86_64) AppleWebKit/537.36 (KHTML, like Gecko) Chrome/81.0.4044.129 Safari/537.36"
135.125.244.48 - - [10/Oct/2023:17:51:07 +0900] "POST / HTTP/1.1" 405 31 "-" "Mozilla/5.0 (X11; Linux x86_64) AppleWebKit/537.36 (KHTML, like Gecko) Chrome/81.0.4044.129 Safari/537.36"
159.203.192.37 - - [10/Oct/2023:18:03:26 +0900] "GET /druid/index.html HTTP/1.1" 404 22 "-" "Mozilla/5.0 zgrab/0.x"
101.32.209.199 - - [10/Oct/2023:18:11:23 +0900] "HEAD /Core/Skin/Login.aspx HTTP/1.1" 404 0 "-" "Mozilla/5.0 (Windows NT 10.0; Win64; x64) AppleWebKit/537.36 (KHTML, like Gecko) Chrome/106.0.0.0 Safari/537.36"
109.198.193.141 - - [10/Oct/2023:18:49:51 +0900] "GET / HTTP/1.1" 200 458 "-" "Mozilla/5.0 (Windows NT 6.1; WOW64) AppleWebKit/537.36 (KHTML, like Gecko) Chrome/51.0.2704.103 Safari/537.36"
65.49.1.77 - - [10/Oct/2023:19:15:48 +0900] "GET / HTTP/1.1" 200 312 "-" "Mozilla/5.0 (Windows NT 10.0; WOW64) AppleWebKit/537.36 (KHTML, like Gecko) Chrome/109.0.0.0 Safari/537.36"
65.49.1.72 - - [10/Oct/2023:19:17:59 +0900] "GET /geoserver/web/ HTTP/1.1" 404 22 "-" "Mozilla/5.0 (Windows NT 10.0; WOW64) AppleWebKit/537.36 (KHTML, like Gecko) Chrome/109.0.0.0 Safari/537.36"
135.125.244.48 - - [10/Oct/2023:19:29:46 +0900] "GET /.env HTTP/1.1" 404 22 "-" "Mozilla/5.0 (X11; Linux x86_64) AppleWebKit/537.36 (KHTML, like Gecko) Chrome/81.0.4044.129 Safari/537.36"
135.125.244.48 - - [10/Oct/2023:19:29:47 +0900] "POST / HTTP/1.1" 405 31 "-" "Mozilla/5.0 (X11; Linux x86_64) AppleWebKit/537.36 (KHTML, like Gecko) Chrome/81.0.4044.129 Safari/537.36"
45.56.108.128 - - [10/Oct/2023:19:30:35 +0900] "GET /systembc/password.php HTTP/1.0" 404 22 "-" "Mozilla/5.0 (Macintosh; Intel Mac OS X 10_15_7) AppleWebKit/537.36 (KHTML, like Gecko) Chrome/107.0.0.0 Safari/537.36"
101.32.209.199 - - [10/Oct/2023:19:50:47 +0900] "HEAD /Core/Skin/Login.aspx HTTP/1.1" 404 0 "-" "Mozilla/5.0 (Windows NT 10.0; Win64; x64) AppleWebKit/537.36 (KHTML, like Gecko) Chrome/106.0.0.0 Safari/537.36"
185.254.196.173 - - [10/Oct/2023:20:36:52 +0900] "GET /.env HTTP/1.1" 404 22 "-" "Mozilla/5.0 (X11; Linux x86_64) AppleWebKit/537.36 (KHTML, like Gecko) Chrome/81.0.4044.129 Safari/537.36"
185.254.196.173 - - [10/Oct/2023:20:36:54 +0900] "POST / HTTP/1.1" 405 31 "-" "Mozilla/5.0 (X11; Linux x86_64) AppleWebKit/537.36 (KHTML, like Gecko) Chrome/81.0.4044.129 Safari/537.36"
135.125.244.48 - - [10/Oct/2023:20:59:46 +0900] "GET /.env HTTP/1.1" 404 22 "-" "Mozilla/5.0 (X11; Linux x86_64) AppleWebKit/537.36 (KHTML, like Gecko) Chrome/81.0.4044.129 Safari/537.36"
135.125.244.48 - - [10/Oct/2023:20:59:47 +0900] "POST / HTTP/1.1" 405 31 "-" "Mozilla/5.0 (X11; Linux x86_64) AppleWebKit/537.36 (KHTML, like Gecko) Chrome/81.0.4044.129 Safari/537.36"
101.32.209.199 - - [10/Oct/2023:21:30:01 +0900] "HEAD /Core/Skin/Login.aspx HTTP/1.1" 404 0 "-" "Mozilla/5.0 (Windows NT 10.0; Win64; x64) AppleWebKit/537.36 (KHTML, like Gecko) Chrome/106.0.0.0 Safari/537.36"
139.162.84.205 - - [10/Oct/2023:21:43:40 +0900] "GET / HTTP/1.0" 200 458 "-" "Mozilla/5.0 (X11; Linux x86_64) AppleWebKit/537.36 (KHTML, like Gecko) Chrome/109.0.0.0 Safari/537.36"
185.254.196.186 - - [10/Oct/2023:22:14:19 +0900] "GET /.env HTTP/1.1" 404 22 "-" "Mozilla/5.0 (X11; Linux x86_64) AppleWebKit/537.36 (KHTML, like Gecko) Chrome/81.0.4044.129 Safari/537.36"
185.254.196.186 - - [10/Oct/2023:22:18:01 +0900] "GET /.env HTTP/1.1" 404 22 "-" "Mozilla/5.0 (X11; Linux x86_64) AppleWebKit/537.36 (KHTML, like Gecko) Chrome/81.0.4044.129 Safari/537.36"
185.254.196.186 - - [10/Oct/2023:22:18:02 +0900] "POST / HTTP/1.1" 405 31 "-" "Mozilla/5.0 (X11; Linux x86_64) AppleWebKit/537.36 (KHTML, like Gecko) Chrome/81.0.4044.129 Safari/537.36"
35.92.143.85 - - [10/Oct/2023:22:29:17 +0900] "GET /.git/HEAD HTTP/1.1" 404 22 "-" "Python-urllib/3.10"
35.92.143.85 - - [10/Oct/2023:22:29:17 +0900] "GET /.git/HEAD HTTP/1.1" 404 22 "-" "Python-urllib/3.10"
94.102.61.10 - - [10/Oct/2023:23:00:24 +0900] "GET / HTTP/1.1" 200 312 "-" "Mozilla/5.0 (Windows NT 10.0; Win64; x64) AppleWebKit/537.36 (KHTML, like Gecko) Chrome/88.0.4324.190 Safari/537.36"
135.125.244.48 - - [10/Oct/2023:23:09:40 +0900] "GET /.env HTTP/1.1" 404 22 "-" "Mozilla/5.0 (X11; Linux x86_64) AppleWebKit/537.36 (KHTML, like Gecko) Chrome/81.0.4044.129 Safari/537.36"
135.125.244.48 - - [10/Oct/2023:23:09:41 +0900] "POST / HTTP/1.1" 405 31 "-" "Mozilla/5.0 (X11; Linux x86_64) AppleWebKit/537.36 (KHTML, like Gecko) Chrome/81.0.4044.129 Safari/537.36"
101.32.209.199 - - [10/Oct/2023:23:09:43 +0900] "HEAD /Core/Skin/Login.aspx HTTP/1.1" 404 0 "-" "Mozilla/5.0 (Windows NT 10.0; Win64; x64) AppleWebKit/537.36 (KHTML, like Gecko) Chrome/106.0.0.0 Safari/537.36"
172.105.128.12 - - [10/Oct/2023:23:38:42 +0900] "GET / HTTP/1.1" 200 312 "-" "Mozilla/5.0 (Macintosh; Intel Mac OS X 13_1) AppleWebKit/537.36 (KHTML, like Gecko) Chrome/108.0.0.0 Safari/537.36"
135.125.244.48 - - [11/Oct/2023:00:06:56 +0900] "GET /.env HTTP/1.1" 404 22 "-" "Mozilla/5.0 (X11; Linux x86_64) AppleWebKit/537.36 (KHTML, like Gecko) Chrome/81.0.4044.129 Safari/537.36"
135.125.244.48 - - [11/Oct/2023:00:06:57 +0900] "POST / HTTP/1.1" 405 31 "-" "Mozilla/5.0 (X11; Linux x86_64) AppleWebKit/537.36 (KHTML, like Gecko) Chrome/81.0.4044.129 Safari/537.36"
117.235.94.148 - - [11/Oct/2023:00:07:47 +0900] "GET / HTTP/1.1" 200 458 "-" "Mozilla/5.0 (Windows NT 10.0; WOW64) AppleWebKit/537.36 (KHTML, like Gecko) Chrome/51.0.2704.103 Safari/537.36"
185.254.196.186 - - [11/Oct/2023:00:08:40 +0900] "GET /.env HTTP/1.1" 404 22 "-" "Mozilla/5.0 (X11; Linux x86_64) AppleWebKit/537.36 (KHTML, like Gecko) Chrome/81.0.4044.129 Safari/537.36"
185.254.196.186 - - [11/Oct/2023:00:08:41 +0900] "POST / HTTP/1.1" 405 31 "-" "Mozilla/5.0 (X11; Linux x86_64) AppleWebKit/537.36 (KHTML, like Gecko) Chrome/81.0.4044.129 Safari/537.36"
31.192.133.178 - - [11/Oct/2023:00:19:37 +0900] "GET / HTTP/1.1" 200 458 "-" "Mozilla/5.0 (Windows NT 6.1; WOW64) AppleWebKit/537.36 (KHTML, like Gecko) Chrome/51.0.2704.103 Safari/537.36"
128.14.133.58 - - [11/Oct/2023:00:37:36 +0900] "GET / HTTP/1.1" 200 312 "-" "Mozilla/5.0 (Windows NT 10.0; Win64; x64) AppleWebKit/537.36 (KHTML, like Gecko) Chrome/60.0.3112.113 Safari/537.36"
167.94.145.58 - - [11/Oct/2023:00:44:26 +0900] "GET / HTTP/1.1" 200 458 "-" "-"
167.94.145.58 - - [11/Oct/2023:00:44:27 +0900] "GET / HTTP/1.1" 200 312 "-" "Mozilla/5.0 (compatible; CensysInspect/1.1; +https://about.censys.io/)"
101.32.209.199 - - [11/Oct/2023:00:50:45 +0900] "HEAD /Core/Skin/Login.aspx HTTP/1.1" 404 0 "-" "Mozilla/5.0 (Windows NT 10.0; Win64; x64) AppleWebKit/537.36 (KHTML, like Gecko) Chrome/106.0.0.0 Safari/537.36"
135.125.244.48 - - [11/Oct/2023:01:28:29 +0900] "GET /.env HTTP/1.1" 404 22 "-" "Mozilla/5.0 (X11; Linux x86_64) AppleWebKit/537.36 (KHTML, like Gecko) Chrome/81.0.4044.129 Safari/537.36"
135.125.244.48 - - [11/Oct/2023:01:28:31 +0900] "POST / HTTP/1.1" 405 31 "-" "Mozilla/5.0 (X11; Linux x86_64) AppleWebKit/537.36 (KHTML, like Gecko) Chrome/81.0.4044.129 Safari/537.36"
139.162.84.205 - - [11/Oct/2023:01:37:35 +0900] "GET / HTTP/1.0" 200 458 "-" "Mozilla/5.0 (X11; Linux x86_64) AppleWebKit/537.36 (KHTML, like Gecko) Chrome/109.0.0.0 Safari/537.36"
146.59.236.88 - - [11/Oct/2023:01:47:46 +0900] "GET /.env HTTP/1.1" 404 22 "-" "Mozilla/5.0 (Linux; U; Android 4.4.2; en-US; HM NOTE 1W Build/KOT49H) AppleWebKit/534.30 (KHTML, like Gecko) Version/4.0 UCBrowser/11.0.5.850 U3/0.8.0 Mobile Safari/534.30"
146.59.236.88 - - [11/Oct/2023:01:47:47 +0900] "POST / HTTP/1.1" 405 31 "-" "Mozilla/5.0 (Linux; U; Android 4.4.2; en-US; HM NOTE 1W Build/KOT49H) AppleWebKit/534.30 (KHTML, like Gecko) Version/4.0 UCBrowser/11.0.5.850 U3/0.8.0 Mobile Safari/534.30"
38.110.46.2 - - [11/Oct/2023:02:22:55 +0900] "GET / HTTP/1.1" 200 312 "-" "Mozilla/5.0 (X11; Linux i686; rv:110.0) Gecko/20100101 Firefox/110.0"
199.45.154.4 - - [11/Oct/2023:02:24:58 +0900] "GET / HTTP/1.1" 200 312 "-" "Mozilla/5.0 (X11; Linux i686; rv:110.0) Gecko/20100101 Firefox/110.0"
199.45.155.4 - - [11/Oct/2023:02:25:19 +0900] "GET / HTTP/1.1" 200 312 "-" "Mozilla/5.0 (X11; Linux i686; rv:110.0) Gecko/20100101 Firefox/110.0"
43.248.128.82 - - [11/Oct/2023:02:27:03 +0900] "GET / HTTP/1.1" 200 312 "-" "Mozilla/5.0 (X11; Linux i686; rv:110.0) Gecko/20100101 Firefox/110.0"
171.67.71.144 - - [11/Oct/2023:02:28:12 +0900] "GET / HTTP/1.1" 200 312 "-" "Mozilla/5.0 (X11; Linux i686; rv:110.0) Gecko/20100101 Firefox/110.0"
103.244.39.113 - - [11/Oct/2023:02:28:37 +0900] "GET / HTTP/1.1" 200 458 "-" "Mozilla/5.0 (Windows NT 10.0; WOW64) AppleWebKit/537.36 (KHTML, like Gecko) Chrome/51.0.2704.103 Safari/537.36"
101.32.209.199 - - [11/Oct/2023:02:30:41 +0900] "HEAD /Core/Skin/Login.aspx HTTP/1.1" 404 0 "-" "Mozilla/5.0 (Windows NT 10.0; Win64; x64) AppleWebKit/537.36 (KHTML, like Gecko) Chrome/106.0.0.0 Safari/537.36"
135.125.244.48 - - [11/Oct/2023:02:48:01 +0900] "GET /.env HTTP/1.1" 404 22 "-" "Mozilla/5.0 (X11; Linux x86_64) AppleWebKit/537.36 (KHTML, like Gecko) Chrome/81.0.4044.129 Safari/537.36"
135.125.244.48 - - [11/Oct/2023:02:48:02 +0900] "POST / HTTP/1.1" 405 31 "-" "Mozilla/5.0 (X11; Linux x86_64) AppleWebKit/537.36 (KHTML, like Gecko) Chrome/81.0.4044.129 Safari/537.36"
205.210.31.35 - - [11/Oct/2023:03:46:42 +0900] "GET / HTTP/1.0" 200 458 "-" "Expanse, a Palo Alto Networks company, searches across the global IPv4 space multiple times per day to identify customers&#39; presences on the Internet. If you would like to be excluded from our scans, please send IP addresses/domains to: scaninfo@paloaltonetworks.com"
192.241.233.53 - - [11/Oct/2023:04:04:02 +0900] "GET /hudson HTTP/1.1" 404 22 "-" "Mozilla/5.0 zgrab/0.x"
101.32.209.199 - - [11/Oct/2023:04:10:24 +0900] "HEAD /Core/Skin/Login.aspx HTTP/1.1" 404 0 "-" "Mozilla/5.0 (Windows NT 10.0; Win64; x64) AppleWebKit/537.36 (KHTML, like Gecko) Chrome/106.0.0.0 Safari/537.36"
192.241.222.76 - - [11/Oct/2023:04:23:30 +0900] "GET / HTTP/1.1" 200 312 "-" "Mozilla/5.0 zgrab/0.x"
135.125.244.48 - - [11/Oct/2023:05:21:16 +0900] "GET /.env HTTP/1.1" 404 22 "-" "Mozilla/5.0 (X11; Linux x86_64) AppleWebKit/537.36 (KHTML, like Gecko) Chrome/81.0.4044.129 Safari/537.36"
135.125.244.48 - - [11/Oct/2023:05:21:17 +0900] "POST / HTTP/1.1" 405 31 "-" "Mozilla/5.0 (X11; Linux x86_64) AppleWebKit/537.36 (KHTML, like Gecko) Chrome/81.0.4044.129 Safari/537.36"
139.162.84.205 - - [11/Oct/2023:05:38:01 +0900] "GET / HTTP/1.0" 200 458 "-" "Mozilla/5.0 (X11; Linux x86_64) AppleWebKit/537.36 (KHTML, like Gecko) Chrome/109.0.0.0 Safari/537.36"
101.32.209.199 - - [11/Oct/2023:05:47:00 +0900] "HEAD /Core/Skin/Login.aspx HTTP/1.1" 404 0 "-" "Mozilla/5.0 (Windows NT 10.0; Win64; x64) AppleWebKit/537.36 (KHTML, like Gecko) Chrome/106.0.0.0 Safari/537.36"
95.214.55.115 - - [11/Oct/2023:06:02:53 +0900] "GET / HTTP/1.1" 200 312 "-" "Mozilla/5.0 (X11; Ubuntu; Linux x86_64; rv:76.0) Gecko/20100101 Firefox/76.0"
135.125.244.48 - - [11/Oct/2023:06:16:20 +0900] "GET /.env HTTP/1.1" 404 22 "-" "Mozilla/5.0 (X11; Linux x86_64) AppleWebKit/537.36 (KHTML, like Gecko) Chrome/81.0.4044.129 Safari/537.36"
135.125.244.48 - - [11/Oct/2023:06:16:21 +0900] "POST / HTTP/1.1" 405 31 "-" "Mozilla/5.0 (X11; Linux x86_64) AppleWebKit/537.36 (KHTML, like Gecko) Chrome/81.0.4044.129 Safari/537.36"
135.125.244.48 - - [11/Oct/2023:06:49:10 +0900] "GET /.env HTTP/1.1" 404 22 "-" "Mozilla/5.0 (X11; Linux x86_64) AppleWebKit/537.36 (KHTML, like Gecko) Chrome/81.0.4044.129 Safari/537.36"
135.125.244.48 - - [11/Oct/2023:06:49:10 +0900] "POST / HTTP/1.1" 405 31 "-" "Mozilla/5.0 (X11; Linux x86_64) AppleWebKit/537.36 (KHTML, like Gecko) Chrome/81.0.4044.129 Safari/537.36"
101.32.209.199 - - [11/Oct/2023:07:23:00 +0900] "HEAD /Core/Skin/Login.aspx HTTP/1.1" 404 0 "-" "Mozilla/5.0 (Windows NT 10.0; Win64; x64) AppleWebKit/537.36 (KHTML, like Gecko) Chrome/106.0.0.0 Safari/537.36"
198.235.24.244 - - [11/Oct/2023:07:24:35 +0900] "GET / HTTP/1.0" 200 458 "-" "Expanse, a Palo Alto Networks company, searches across the global IPv4 space multiple times per day to identify customers&#39; presences on the Internet. If you would like to be excluded from our scans, please send IP addresses/domains to: scaninfo@paloaltonetworks.com"
54.191.110.232 - - [11/Oct/2023:07:38:32 +0900] "GET /docker/docker_run_git.sh HTTP/1.1" 404 22 "-" "Mozilla/5.0 (X11; Linux x86_64) AppleWebKit/537.36 (KHTML, like Gecko) Chrome/81.0.4044.129 Safari/537.36"
54.191.110.232 - - [11/Oct/2023:07:38:32 +0900] "GET /.git/index HTTP/1.1" 404 22 "-" "Mozilla/5.0 (X11; Linux x86_64) AppleWebKit/537.36 (KHTML, like Gecko) Chrome/81.0.4044.129 Safari/537.36"
54.191.110.232 - - [11/Oct/2023:07:38:32 +0900] "GET /.git/head HTTP/1.1" 404 22 "-" "Mozilla/5.0 (X11; Linux x86_64) AppleWebKit/537.36 (KHTML, like Gecko) Chrome/81.0.4044.129 Safari/537.36"
54.191.110.232 - - [11/Oct/2023:07:38:33 +0900] "GET /.docker HTTP/1.1" 404 22 "-" "Mozilla/5.0 (X11; Linux x86_64) AppleWebKit/537.36 (KHTML, like Gecko) Chrome/81.0.4044.129 Safari/537.36"
54.191.110.232 - - [11/Oct/2023:07:38:33 +0900] "GET /.AppleDB HTTP/1.1" 404 22 "-" "Mozilla/5.0 (X11; Linux x86_64) AppleWebKit/537.36 (KHTML, like Gecko) Chrome/81.0.4044.129 Safari/537.36"
54.191.110.232 - - [11/Oct/2023:07:38:33 +0900] "GET /.git/config HTTP/1.1" 404 22 "-" "Mozilla/5.0 (X11; Linux x86_64) AppleWebKit/537.36 (KHTML, like Gecko) Chrome/81.0.4044.129 Safari/537.36"
54.191.110.232 - - [11/Oct/2023:07:38:33 +0900] "GET /.git/HEAD HTTP/1.1" 404 22 "-" "Mozilla/5.0 (X11; Linux x86_64) AppleWebKit/537.36 (KHTML, like Gecko) Chrome/81.0.4044.129 Safari/537.36"
54.191.110.232 - - [11/Oct/2023:07:38:34 +0900] "GET /.gitconfig HTTP/1.1" 404 22 "-" "Mozilla/5.0 (X11; Linux x86_64) AppleWebKit/537.36 (KHTML, like Gecko) Chrome/81.0.4044.129 Safari/537.36"
54.191.110.232 - - [11/Oct/2023:07:38:34 +0900] "GET /.gitignore HTTP/1.1" 404 22 "-" "Mozilla/5.0 (X11; Linux x86_64) AppleWebKit/537.36 (KHTML, like Gecko) Chrome/81.0.4044.129 Safari/537.36"
54.191.110.232 - - [11/Oct/2023:07:38:34 +0900] "GET /.gitlab-ci.yml HTTP/1.1" 404 22 "-" "Mozilla/5.0 (X11; Linux x86_64) AppleWebKit/537.36 (KHTML, like Gecko) Chrome/81.0.4044.129 Safari/537.36"
54.191.110.232 - - [11/Oct/2023:07:38:34 +0900] "GET /.s3.yml HTTP/1.1" 404 22 "-" "Mozilla/5.0 (X11; Linux x86_64) AppleWebKit/537.36 (KHTML, like Gecko) Chrome/81.0.4044.129 Safari/537.36"
54.191.110.232 - - [11/Oct/2023:07:38:35 +0900] "GET /config.gypi HTTP/1.1" 404 22 "-" "Mozilla/5.0 (X11; Linux x86_64) AppleWebKit/537.36 (KHTML, like Gecko) Chrome/81.0.4044.129 Safari/537.36"
54.191.110.232 - - [11/Oct/2023:07:38:35 +0900] "GET /info.asp HTTP/1.1" 404 22 "-" "Mozilla/5.0 (X11; Linux x86_64) AppleWebKit/537.36 (KHTML, like Gecko) Chrome/81.0.4044.129 Safari/537.36"
54.191.110.232 - - [11/Oct/2023:07:38:35 +0900] "GET /info.aspx HTTP/1.1" 404 22 "-" "Mozilla/5.0 (X11; Linux x86_64) AppleWebKit/537.36 (KHTML, like Gecko) Chrome/81.0.4044.129 Safari/537.36"
54.191.110.232 - - [11/Oct/2023:07:38:35 +0900] "GET /info.jsp HTTP/1.1" 404 22 "-" "Mozilla/5.0 (X11; Linux x86_64) AppleWebKit/537.36 (KHTML, like Gecko) Chrome/81.0.4044.129 Safari/537.36"
54.191.110.232 - - [11/Oct/2023:07:38:36 +0900] "GET /info.txt HTTP/1.1" 404 22 "-" "Mozilla/5.0 (X11; Linux x86_64) AppleWebKit/537.36 (KHTML, like Gecko) Chrome/81.0.4044.129 Safari/537.36"
54.191.110.232 - - [11/Oct/2023:07:38:36 +0900] "GET /info/ HTTP/1.1" 404 22 "-" "Mozilla/5.0 (X11; Linux x86_64) AppleWebKit/537.36 (KHTML, like Gecko) Chrome/81.0.4044.129 Safari/537.36"
54.191.110.232 - - [11/Oct/2023:07:38:36 +0900] "GET /phptest.php HTTP/1.1" 404 22 "-" "Mozilla/5.0 (X11; Linux x86_64) AppleWebKit/537.36 (KHTML, like Gecko) Chrome/81.0.4044.129 Safari/537.36"
54.191.110.232 - - [11/Oct/2023:07:38:36 +0900] "GET /phpunit.xml HTTP/1.1" 404 22 "-" "Mozilla/5.0 (X11; Linux x86_64) AppleWebKit/537.36 (KHTML, like Gecko) Chrome/81.0.4044.129 Safari/537.36"
54.191.110.232 - - [11/Oct/2023:07:38:37 +0900] "GET /s3.yml HTTP/1.1" 404 22 "-" "Mozilla/5.0 (X11; Linux x86_64) AppleWebKit/537.36 (KHTML, like Gecko) Chrome/81.0.4044.129 Safari/537.36"
54.191.110.232 - - [11/Oct/2023:07:38:37 +0900] "GET /s3.yml.swp HTTP/1.1" 404 22 "-" "Mozilla/5.0 (X11; Linux x86_64) AppleWebKit/537.36 (KHTML, like Gecko) Chrome/81.0.4044.129 Safari/537.36"
54.191.110.232 - - [11/Oct/2023:07:38:37 +0900] "GET /test.asp HTTP/1.1" 404 22 "-" "Mozilla/5.0 (X11; Linux x86_64) AppleWebKit/537.36 (KHTML, like Gecko) Chrome/81.0.4044.129 Safari/537.36"
54.191.110.232 - - [11/Oct/2023:07:38:37 +0900] "GET /test.aspx HTTP/1.1" 404 22 "-" "Mozilla/5.0 (X11; Linux x86_64) AppleWebKit/537.36 (KHTML, like Gecko) Chrome/81.0.4044.129 Safari/537.36"
54.191.110.232 - - [11/Oct/2023:07:38:38 +0900] "GET /test.do HTTP/1.1" 404 22 "-" "Mozilla/5.0 (X11; Linux x86_64) AppleWebKit/537.36 (KHTML, like Gecko) Chrome/81.0.4044.129 Safari/537.36"
54.191.110.232 - - [11/Oct/2023:07:38:38 +0900] "GET /tmp.asp HTTP/1.1" 404 22 "-" "Mozilla/5.0 (X11; Linux x86_64) AppleWebKit/537.36 (KHTML, like Gecko) Chrome/81.0.4044.129 Safari/537.36"
54.191.110.232 - - [11/Oct/2023:07:38:38 +0900] "GET /tmp.aspx HTTP/1.1" 404 22 "-" "Mozilla/5.0 (X11; Linux x86_64) AppleWebKit/537.36 (KHTML, like Gecko) Chrome/81.0.4044.129 Safari/537.36"
54.191.110.232 - - [11/Oct/2023:07:38:38 +0900] "GET /tmp.do HTTP/1.1" 404 22 "-" "Mozilla/5.0 (X11; Linux x86_64) AppleWebKit/537.36 (KHTML, like Gecko) Chrome/81.0.4044.129 Safari/537.36"
54.191.110.232 - - [11/Oct/2023:07:38:39 +0900] "GET /tmp.html HTTP/1.1" 404 22 "-" "Mozilla/5.0 (X11; Linux x86_64) AppleWebKit/537.36 (KHTML, like Gecko) Chrome/81.0.4044.129 Safari/537.36"
54.191.110.232 - - [11/Oct/2023:07:38:39 +0900] "GET /tmp.jsp HTTP/1.1" 404 22 "-" "Mozilla/5.0 (X11; Linux x86_64) AppleWebKit/537.36 (KHTML, like Gecko) Chrome/81.0.4044.129 Safari/537.36"
54.191.110.232 - - [11/Oct/2023:07:38:39 +0900] "GET /tmp.php HTTP/1.1" 404 22 "-" "Mozilla/5.0 (X11; Linux x86_64) AppleWebKit/537.36 (KHTML, like Gecko) Chrome/81.0.4044.129 Safari/537.36"
54.191.110.232 - - [11/Oct/2023:07:38:39 +0900] "GET /tmp.txt HTTP/1.1" 404 22 "-" "Mozilla/5.0 (X11; Linux x86_64) AppleWebKit/537.36 (KHTML, like Gecko) Chrome/81.0.4044.129 Safari/537.36"
54.191.110.232 - - [11/Oct/2023:07:38:39 +0900] "GET /tmp/ HTTP/1.1" 404 22 "-" "Mozilla/5.0 (X11; Linux x86_64) AppleWebKit/537.36 (KHTML, like Gecko) Chrome/81.0.4044.129 Safari/537.36"
54.191.110.232 - - [11/Oct/2023:07:38:40 +0900] "GET /tsconfig.json HTTP/1.1" 404 22 "-" "Mozilla/5.0 (X11; Linux x86_64) AppleWebKit/537.36 (KHTML, like Gecko) Chrome/81.0.4044.129 Safari/537.36"
54.191.110.232 - - [11/Oct/2023:07:38:40 +0900] "GET /.docker/config.json HTTP/1.1" 404 22 "-" "Mozilla/5.0 (X11; Linux x86_64) AppleWebKit/537.36 (KHTML, like Gecko) Chrome/81.0.4044.129 Safari/537.36"
54.191.110.232 - - [11/Oct/2023:07:38:40 +0900] "GET /.docker/.env HTTP/1.1" 404 22 "-" "Mozilla/5.0 (X11; Linux x86_64) AppleWebKit/537.36 (KHTML, like Gecko) Chrome/81.0.4044.129 Safari/537.36"
54.191.110.232 - - [11/Oct/2023:07:38:41 +0900] "GET /.docker/.aws HTTP/1.1" 404 22 "-" "Mozilla/5.0 (X11; Linux x86_64) AppleWebKit/537.36 (KHTML, like Gecko) Chrome/81.0.4044.129 Safari/537.36"
54.191.110.232 - - [11/Oct/2023:07:38:41 +0900] "GET /.htaccess-dev HTTP/1.1" 404 22 "-" "Mozilla/5.0 (X11; Linux x86_64) AppleWebKit/537.36 (KHTML, like Gecko) Chrome/81.0.4044.129 Safari/537.36"
54.191.110.232 - - [11/Oct/2023:07:38:41 +0900] "GET /.htaccess-local HTTP/1.1" 404 22 "-" "Mozilla/5.0 (X11; Linux x86_64) AppleWebKit/537.36 (KHTML, like Gecko) Chrome/81.0.4044.129 Safari/537.36"
54.191.110.232 - - [11/Oct/2023:07:38:41 +0900] "GET /.htaccess-marco HTTP/1.1" 404 22 "-" "Mozilla/5.0 (X11; Linux x86_64) AppleWebKit/537.36 (KHTML, like Gecko) Chrome/81.0.4044.129 Safari/537.36"
54.191.110.232 - - [11/Oct/2023:07:38:42 +0900] "GET /.htaccess.BAK HTTP/1.1" 404 22 "-" "Mozilla/5.0 (X11; Linux x86_64) AppleWebKit/537.36 (KHTML, like Gecko) Chrome/81.0.4044.129 Safari/537.36"
54.191.110.232 - - [11/Oct/2023:07:38:42 +0900] "GET /.htaccess.bak HTTP/1.1" 404 22 "-" "Mozilla/5.0 (X11; Linux x86_64) AppleWebKit/537.36 (KHTML, like Gecko) Chrome/81.0.4044.129 Safari/537.36"
54.191.110.232 - - [11/Oct/2023:07:38:42 +0900] "GET /.htaccess.bak1 HTTP/1.1" 404 22 "-" "Mozilla/5.0 (X11; Linux x86_64) AppleWebKit/537.36 (KHTML, like Gecko) Chrome/81.0.4044.129 Safari/537.36"
54.191.110.232 - - [11/Oct/2023:07:38:42 +0900] "GET /.htaccess.inc HTTP/1.1" 404 22 "-" "Mozilla/5.0 (X11; Linux x86_64) AppleWebKit/537.36 (KHTML, like Gecko) Chrome/81.0.4044.129 Safari/537.36"
54.191.110.232 - - [11/Oct/2023:07:38:43 +0900] "GET /.htaccess.old HTTP/1.1" 404 22 "-" "Mozilla/5.0 (X11; Linux x86_64) AppleWebKit/537.36 (KHTML, like Gecko) Chrome/81.0.4044.129 Safari/537.36"
54.191.110.232 - - [11/Oct/2023:07:38:43 +0900] "GET /.htaccess.orig HTTP/1.1" 404 22 "-" "Mozilla/5.0 (X11; Linux x86_64) AppleWebKit/537.36 (KHTML, like Gecko) Chrome/81.0.4044.129 Safari/537.36"
54.191.110.232 - - [11/Oct/2023:07:38:43 +0900] "GET /.htaccess.sample HTTP/1.1" 404 22 "-" "Mozilla/5.0 (X11; Linux x86_64) AppleWebKit/537.36 (KHTML, like Gecko) Chrome/81.0.4044.129 Safari/537.36"
54.191.110.232 - - [11/Oct/2023:07:38:43 +0900] "GET /.htaccess.save HTTP/1.1" 404 22 "-" "Mozilla/5.0 (X11; Linux x86_64) AppleWebKit/537.36 (KHTML, like Gecko) Chrome/81.0.4044.129 Safari/537.36"
54.191.110.232 - - [11/Oct/2023:07:38:43 +0900] "GET /.htaccess.txt HTTP/1.1" 404 22 "-" "Mozilla/5.0 (X11; Linux x86_64) AppleWebKit/537.36 (KHTML, like Gecko) Chrome/81.0.4044.129 Safari/537.36"
54.191.110.232 - - [11/Oct/2023:07:38:44 +0900] "GET /.htaccess/ HTTP/1.1" 404 22 "-" "Mozilla/5.0 (X11; Linux x86_64) AppleWebKit/537.36 (KHTML, like Gecko) Chrome/81.0.4044.129 Safari/537.36"
54.191.110.232 - - [11/Oct/2023:07:38:44 +0900] "GET /.htaccessBAK HTTP/1.1" 404 22 "-" "Mozilla/5.0 (X11; Linux x86_64) AppleWebKit/537.36 (KHTML, like Gecko) Chrome/81.0.4044.129 Safari/537.36"
54.191.110.232 - - [11/Oct/2023:07:38:44 +0900] "GET /.htaccessOLD HTTP/1.1" 404 22 "-" "Mozilla/5.0 (X11; Linux x86_64) AppleWebKit/537.36 (KHTML, like Gecko) Chrome/81.0.4044.129 Safari/537.36"
54.191.110.232 - - [11/Oct/2023:07:38:44 +0900] "GET /.htaccessOLD2 HTTP/1.1" 404 22 "-" "Mozilla/5.0 (X11; Linux x86_64) AppleWebKit/537.36 (KHTML, like Gecko) Chrome/81.0.4044.129 Safari/537.36"
54.191.110.232 - - [11/Oct/2023:07:38:45 +0900] "GET /.htaccess_extra HTTP/1.1" 404 22 "-" "Mozilla/5.0 (X11; Linux x86_64) AppleWebKit/537.36 (KHTML, like Gecko) Chrome/81.0.4044.129 Safari/537.36"
54.191.110.232 - - [11/Oct/2023:07:38:45 +0900] "GET /.htaccess_orig HTTP/1.1" 404 22 "-" "Mozilla/5.0 (X11; Linux x86_64) AppleWebKit/537.36 (KHTML, like Gecko) Chrome/81.0.4044.129 Safari/537.36"
54.191.110.232 - - [11/Oct/2023:07:38:45 +0900] "GET /.htaccess_sc HTTP/1.1" 404 22 "-" "Mozilla/5.0 (X11; Linux x86_64) AppleWebKit/537.36 (KHTML, like Gecko) Chrome/81.0.4044.129 Safari/537.36"
54.191.110.232 - - [11/Oct/2023:07:38:45 +0900] "GET /.htaccess~ HTTP/1.1" 404 22 "-" "Mozilla/5.0 (X11; Linux x86_64) AppleWebKit/537.36 (KHTML, like Gecko) Chrome/81.0.4044.129 Safari/537.36"
54.191.110.232 - - [11/Oct/2023:07:38:46 +0900] "GET /sentry.py HTTP/1.1" 404 22 "-" "Mozilla/5.0 (X11; Linux x86_64) AppleWebKit/537.36 (KHTML, like Gecko) Chrome/81.0.4044.129 Safari/537.36"
54.191.110.232 - - [11/Oct/2023:07:38:46 +0900] "GET /docs/config.md HTTP/1.1" 404 22 "-" "Mozilla/5.0 (X11; Linux x86_64) AppleWebKit/537.36 (KHTML, like Gecko) Chrome/81.0.4044.129 Safari/537.36"
54.191.110.232 - - [11/Oct/2023:07:38:46 +0900] "GET /config.md HTTP/1.1" 404 22 "-" "Mozilla/5.0 (X11; Linux x86_64) AppleWebKit/537.36 (KHTML, like Gecko) Chrome/81.0.4044.129 Safari/537.36"
54.191.110.232 - - [11/Oct/2023:07:38:46 +0900] "GET /config.rs HTTP/1.1" 404 22 "-" "Mozilla/5.0 (X11; Linux x86_64) AppleWebKit/537.36 (KHTML, like Gecko) Chrome/81.0.4044.129 Safari/537.36"
54.191.110.232 - - [11/Oct/2023:07:38:47 +0900] "GET /smtp.yml HTTP/1.1" 404 22 "-" "Mozilla/5.0 (X11; Linux x86_64) AppleWebKit/537.36 (KHTML, like Gecko) Chrome/81.0.4044.129 Safari/537.36"
54.191.110.232 - - [11/Oct/2023:07:38:47 +0900] "GET /prod.py HTTP/1.1" 404 22 "-" "Mozilla/5.0 (X11; Linux x86_64) AppleWebKit/537.36 (KHTML, like Gecko) Chrome/81.0.4044.129 Safari/537.36"
54.191.110.232 - - [11/Oct/2023:07:38:47 +0900] "GET /config.edn HTTP/1.1" 404 22 "-" "Mozilla/5.0 (X11; Linux x86_64) AppleWebKit/537.36 (KHTML, like Gecko) Chrome/81.0.4044.129 Safari/537.36"
54.191.110.232 - - [11/Oct/2023:07:38:47 +0900] "GET /application.conf HTTP/1.1" 404 22 "-" "Mozilla/5.0 (X11; Linux x86_64) AppleWebKit/537.36 (KHTML, like Gecko) Chrome/81.0.4044.129 Safari/537.36"
54.191.110.232 - - [11/Oct/2023:07:38:48 +0900] "GET /app.config HTTP/1.1" 404 22 "-" "Mozilla/5.0 (X11; Linux x86_64) AppleWebKit/537.36 (KHTML, like Gecko) Chrome/81.0.4044.129 Safari/537.36"
54.191.110.232 - - [11/Oct/2023:07:38:48 +0900] "GET /configs/.env HTTP/1.1" 404 22 "-" "Mozilla/5.0 (X11; Linux x86_64) AppleWebKit/537.36 (KHTML, like Gecko) Chrome/81.0.4044.129 Safari/537.36"
54.191.110.232 - - [11/Oct/2023:07:38:48 +0900] "GET /_config.yml HTTP/1.1" 404 22 "-" "Mozilla/5.0 (X11; Linux x86_64) AppleWebKit/537.36 (KHTML, like Gecko) Chrome/81.0.4044.129 Safari/537.36"
54.191.110.232 - - [11/Oct/2023:07:38:48 +0900] "GET /aws.sh HTTP/1.1" 404 22 "-" "Mozilla/5.0 (X11; Linux x86_64) AppleWebKit/537.36 (KHTML, like Gecko) Chrome/81.0.4044.129 Safari/537.36"
54.191.110.232 - - [11/Oct/2023:07:38:49 +0900] "GET /docker-cloud.yml HTTP/1.1" 404 22 "-" "Mozilla/5.0 (X11; Linux x86_64) AppleWebKit/537.36 (KHTML, like Gecko) Chrome/81.0.4044.129 Safari/537.36"
54.191.110.232 - - [11/Oct/2023:07:38:49 +0900] "GET /docker-compose-dev.yml HTTP/1.1" 404 22 "-" "Mozilla/5.0 (X11; Linux x86_64) AppleWebKit/537.36 (KHTML, like Gecko) Chrome/81.0.4044.129 Safari/537.36"
54.191.110.232 - - [11/Oct/2023:07:38:49 +0900] "GET /docker-compose.dev.yml HTTP/1.1" 404 22 "-" "Mozilla/5.0 (X11; Linux x86_64) AppleWebKit/537.36 (KHTML, like Gecko) Chrome/81.0.4044.129 Safari/537.36"
54.191.110.232 - - [11/Oct/2023:07:38:49 +0900] "GET /docker-compose.override.yml HTTP/1.1" 404 22 "-" "Mozilla/5.0 (X11; Linux x86_64) AppleWebKit/537.36 (KHTML, like Gecko) Chrome/81.0.4044.129 Safari/537.36"
54.191.110.232 - - [11/Oct/2023:07:38:50 +0900] "GET /docker-compose.prod.yml HTTP/1.1" 404 22 "-" "Mozilla/5.0 (X11; Linux x86_64) AppleWebKit/537.36 (KHTML, like Gecko) Chrome/81.0.4044.129 Safari/537.36"
54.191.110.232 - - [11/Oct/2023:07:38:50 +0900] "GET /docker-compose.production.yml HTTP/1.1" 404 22 "-" "Mozilla/5.0 (X11; Linux x86_64) AppleWebKit/537.36 (KHTML, like Gecko) Chrome/81.0.4044.129 Safari/537.36"
54.191.110.232 - - [11/Oct/2023:07:38:50 +0900] "GET /docker-compose.staging.yml HTTP/1.1" 404 22 "-" "Mozilla/5.0 (X11; Linux x86_64) AppleWebKit/537.36 (KHTML, like Gecko) Chrome/81.0.4044.129 Safari/537.36"
54.191.110.232 - - [11/Oct/2023:07:38:50 +0900] "GET /public/config.js HTTP/1.1" 404 22 "-" "Mozilla/5.0 (X11; Linux x86_64) AppleWebKit/537.36 (KHTML, like Gecko) Chrome/81.0.4044.129 Safari/537.36"
54.191.110.232 - - [11/Oct/2023:07:38:51 +0900] "GET /s3cmd.ini HTTP/1.1" 404 22 "-" "Mozilla/5.0 (X11; Linux x86_64) AppleWebKit/537.36 (KHTML, like Gecko) Chrome/81.0.4044.129 Safari/537.36"
54.191.110.232 - - [11/Oct/2023:07:38:51 +0900] "GET /s3proxy.conf HTTP/1.1" 404 22 "-" "Mozilla/5.0 (X11; Linux x86_64) AppleWebKit/537.36 (KHTML, like Gecko) Chrome/81.0.4044.129 Safari/537.36"
54.191.110.232 - - [11/Oct/2023:07:38:51 +0900] "GET /settings.php.bak HTTP/1.1" 404 22 "-" "Mozilla/5.0 (X11; Linux x86_64) AppleWebKit/537.36 (KHTML, like Gecko) Chrome/81.0.4044.129 Safari/537.36"
54.191.110.232 - - [11/Oct/2023:07:38:51 +0900] "GET /settings.php.dist HTTP/1.1" 404 22 "-" "Mozilla/5.0 (X11; Linux x86_64) AppleWebKit/537.36 (KHTML, like Gecko) Chrome/81.0.4044.129 Safari/537.36"
54.191.110.232 - - [11/Oct/2023:07:38:51 +0900] "GET /settings.php.old HTTP/1.1" 404 22 "-" "Mozilla/5.0 (X11; Linux x86_64) AppleWebKit/537.36 (KHTML, like Gecko) Chrome/81.0.4044.129 Safari/537.36"
54.191.110.232 - - [11/Oct/2023:07:38:52 +0900] "GET /settings.php.save HTTP/1.1" 404 22 "-" "Mozilla/5.0 (X11; Linux x86_64) AppleWebKit/537.36 (KHTML, like Gecko) Chrome/81.0.4044.129 Safari/537.36"
54.191.110.232 - - [11/Oct/2023:07:38:52 +0900] "GET /settings.php.swp HTTP/1.1" 404 22 "-" "Mozilla/5.0 (X11; Linux x86_64) AppleWebKit/537.36 (KHTML, like Gecko) Chrome/81.0.4044.129 Safari/537.36"
54.191.110.232 - - [11/Oct/2023:07:38:52 +0900] "GET /settings.php.txt HTTP/1.1" 404 22 "-" "Mozilla/5.0 (X11; Linux x86_64) AppleWebKit/537.36 (KHTML, like Gecko) Chrome/81.0.4044.129 Safari/537.36"
54.191.110.232 - - [11/Oct/2023:07:38:52 +0900] "GET /settings.py HTTP/1.1" 404 22 "-" "Mozilla/5.0 (X11; Linux x86_64) AppleWebKit/537.36 (KHTML, like Gecko) Chrome/81.0.4044.129 Safari/537.36"
54.191.110.232 - - [11/Oct/2023:07:38:53 +0900] "GET /settings.yml HTTP/1.1" 404 22 "-" "Mozilla/5.0 (X11; Linux x86_64) AppleWebKit/537.36 (KHTML, like Gecko) Chrome/81.0.4044.129 Safari/537.36"
54.191.110.232 - - [11/Oct/2023:07:38:53 +0900] "POST / HTTP/1.1" 405 31 "-" "Mozilla/5.0 (X11; Linux x86_64) AppleWebKit/537.36 (KHTML, like Gecko) Chrome/81.0.4044.129 Safari/537.36"
54.191.110.232 - - [11/Oct/2023:07:38:53 +0900] "GET /env.bak HTTP/1.1" 404 22 "-" "Mozilla/5.0 (X11; Linux x86_64) AppleWebKit/537.36 (KHTML, like Gecko) Chrome/81.0.4044.129 Safari/537.36"
54.191.110.232 - - [11/Oct/2023:07:38:53 +0900] "GET /api/.env HTTP/1.1" 404 22 "-" "Mozilla/5.0 (X11; Linux x86_64) AppleWebKit/537.36 (KHTML, like Gecko) Chrome/81.0.4044.129 Safari/537.36"
35.233.62.116 - - [11/Oct/2023:08:08:40 +0900] "GET / HTTP/1.1" 200 312 "-" "python-requests/2.31.0"
135.125.244.48 - - [11/Oct/2023:08:22:51 +0900] "GET /.env HTTP/1.1" 404 22 "-" "Mozilla/5.0 (X11; Linux x86_64) AppleWebKit/537.36 (KHTML, like Gecko) Chrome/81.0.4044.129 Safari/537.36"
135.125.244.48 - - [11/Oct/2023:08:22:52 +0900] "POST / HTTP/1.1" 405 31 "-" "Mozilla/5.0 (X11; Linux x86_64) AppleWebKit/537.36 (KHTML, like Gecko) Chrome/81.0.4044.129 Safari/537.36"
185.142.236.41 - - [11/Oct/2023:08:54:19 +0900] "GET / HTTP/1.1" 200 458 "-" "Mozilla/5.0 (Windows NT 6.1) AppleWebKit/537.36 (KHTML, like Gecko) Chrome/41.0.2228.0 Safari/537.36"
185.142.236.41 - - [11/Oct/2023:08:54:22 +0900] "GET /robots.txt HTTP/1.1" 404 22 "-" "-"
185.142.236.41 - - [11/Oct/2023:08:54:24 +0900] "GET /sitemap.xml HTTP/1.1" 404 22 "-" "-"
185.142.236.41 - - [11/Oct/2023:08:54:26 +0900] "GET /.well-known/security.txt HTTP/1.1" 404 22 "-" "-"
101.32.209.199 - - [11/Oct/2023:08:59:39 +0900] "HEAD /Core/Skin/Login.aspx HTTP/1.1" 404 0 "-" "Mozilla/5.0 (Windows NT 10.0; Win64; x64) AppleWebKit/537.36 (KHTML, like Gecko) Chrome/106.0.0.0 Safari/537.36"
185.254.196.186 - - [11/Oct/2023:09:02:31 +0900] "GET /.env HTTP/1.1" 404 22 "-" "Mozilla/5.0 (X11; Linux x86_64) AppleWebKit/537.36 (KHTML, like Gecko) Chrome/81.0.4044.129 Safari/537.36"
185.254.196.186 - - [11/Oct/2023:09:02:35 +0900] "POST / HTTP/1.1" 405 31 "-" "Mozilla/5.0 (X11; Linux x86_64) AppleWebKit/537.36 (KHTML, like Gecko) Chrome/81.0.4044.129 Safari/537.36"
198.235.24.34 - - [11/Oct/2023:09:17:00 +0900] "GET / HTTP/1.1" 200 458 "-" "Expanse, a Palo Alto Networks company, searches across the global IPv4 space multiple times per day to identify customers&#39; presences on the Internet. If you would like to be excluded from our scans, please send IP addresses/domains to: scaninfo@paloaltonetworks.com"
205.210.31.6 - - [11/Oct/2023:09:19:31 +0900] "GET / HTTP/1.1" 200 458 "-" "Expanse, a Palo Alto Networks company, searches across the global IPv4 space multiple times per day to identify customers&#39; presences on the Internet. If you would like to be excluded from our scans, please send IP addresses/domains to: scaninfo@paloaltonetworks.com"
139.162.84.205 - - [11/Oct/2023:09:44:22 +0900] "GET / HTTP/1.0" 200 458 "-" "Mozilla/5.0 (X11; Linux x86_64) AppleWebKit/537.36 (KHTML, like Gecko) Chrome/109.0.0.0 Safari/537.36"
3.89.60.212 - - [11/Oct/2023:09:51:30 +0900] "GET /.git/config HTTP/1.1" 404 22 "-" "python-requests/2.25.1"
3.89.60.212 - - [11/Oct/2023:09:51:30 +0900] "GET /sources/.env HTTP/1.1" 404 22 "-" "Mozilla/5.0 (Macintosh; Intel Mac OS X 10.15; rv:77.0) Gecko/20100101Firefox/77.0"
3.89.60.212 - - [11/Oct/2023:09:51:31 +0900] "POST /sources/.env HTTP/1.1" 404 22 "-" "Mozilla/5.0 (Macintosh; Intel Mac OS X 10.15; rv:77.0) Gecko/20100101Firefox/77.0"
3.89.60.212 - - [11/Oct/2023:09:51:31 +0900] "GET /script/.env HTTP/1.1" 404 22 "-" "Mozilla/5.0 (Macintosh; Intel Mac OS X 10.15; rv:77.0) Gecko/20100101Firefox/77.0"
3.89.60.212 - - [11/Oct/2023:09:51:31 +0900] "POST /script/.env HTTP/1.1" 404 22 "-" "Mozilla/5.0 (Macintosh; Intel Mac OS X 10.15; rv:77.0) Gecko/20100101Firefox/77.0"
3.89.60.212 - - [11/Oct/2023:09:51:32 +0900] "GET /.env.production.local HTTP/1.1" 404 22 "-" "Mozilla/5.0 (Macintosh; Intel Mac OS X 10.15; rv:77.0) Gecko/20100101Firefox/77.0"
3.89.60.212 - - [11/Oct/2023:09:51:32 +0900] "POST /.env.production.local HTTP/1.1" 404 22 "-" "Mozilla/5.0 (Macintosh; Intel Mac OS X 10.15; rv:77.0) Gecko/20100101Firefox/77.0"
3.89.60.212 - - [11/Oct/2023:09:51:32 +0900] "GET /sitemaps/.env HTTP/1.1" 404 22 "-" "Mozilla/5.0 (Macintosh; Intel Mac OS X 10.15; rv:77.0) Gecko/20100101Firefox/77.0"
3.89.60.212 - - [11/Oct/2023:09:51:33 +0900] "POST /sitemaps/.env HTTP/1.1" 404 22 "-" "Mozilla/5.0 (Macintosh; Intel Mac OS X 10.15; rv:77.0) Gecko/20100101Firefox/77.0"
3.89.60.212 - - [11/Oct/2023:09:51:33 +0900] "GET /cp/.env HTTP/1.1" 404 22 "-" "Mozilla/5.0 (Macintosh; Intel Mac OS X 10.15; rv:77.0) Gecko/20100101Firefox/77.0"
3.89.60.212 - - [11/Oct/2023:09:51:34 +0900] "POST /cp/.env HTTP/1.1" 404 22 "-" "Mozilla/5.0 (Macintosh; Intel Mac OS X 10.15; rv:77.0) Gecko/20100101Firefox/77.0"
3.89.60.212 - - [11/Oct/2023:09:51:34 +0900] "GET /redmine/.env HTTP/1.1" 404 22 "-" "Mozilla/5.0 (Macintosh; Intel Mac OS X 10.15; rv:77.0) Gecko/20100101Firefox/77.0"
3.89.60.212 - - [11/Oct/2023:09:51:34 +0900] "POST /redmine/.env HTTP/1.1" 404 22 "-" "Mozilla/5.0 (Macintosh; Intel Mac OS X 10.15; rv:77.0) Gecko/20100101Firefox/77.0"
3.89.60.212 - - [11/Oct/2023:09:51:35 +0900] "GET /private/.env HTTP/1.1" 404 22 "-" "Mozilla/5.0 (Macintosh; Intel Mac OS X 10.15; rv:77.0) Gecko/20100101Firefox/77.0"
3.89.60.212 - - [11/Oct/2023:09:51:35 +0900] "POST /private/.env HTTP/1.1" 404 22 "-" "Mozilla/5.0 (Macintosh; Intel Mac OS X 10.15; rv:77.0) Gecko/20100101Firefox/77.0"
3.89.60.212 - - [11/Oct/2023:09:51:35 +0900] "GET /.env.example HTTP/1.1" 404 22 "-" "Mozilla/5.0 (Macintosh; Intel Mac OS X 10.15; rv:77.0) Gecko/20100101Firefox/77.0"
3.89.60.212 - - [11/Oct/2023:09:51:36 +0900] "POST /.env.example HTTP/1.1" 404 22 "-" "Mozilla/5.0 (Macintosh; Intel Mac OS X 10.15; rv:77.0) Gecko/20100101Firefox/77.0"
3.89.60.212 - - [11/Oct/2023:09:51:36 +0900] "GET /core/Datavase/.env HTTP/1.1" 404 22 "-" "Mozilla/5.0 (Macintosh; Intel Mac OS X 10.15; rv:77.0) Gecko/20100101Firefox/77.0"
3.89.60.212 - - [11/Oct/2023:09:51:37 +0900] "POST /core/Datavase/.env HTTP/1.1" 404 22 "-" "Mozilla/5.0 (Macintosh; Intel Mac OS X 10.15; rv:77.0) Gecko/20100101Firefox/77.0"
3.89.60.212 - - [11/Oct/2023:09:51:37 +0900] "GET /download/.env HTTP/1.1" 404 22 "-" "Mozilla/5.0 (Macintosh; Intel Mac OS X 10.15; rv:77.0) Gecko/20100101Firefox/77.0"
3.89.60.212 - - [11/Oct/2023:09:51:37 +0900] "POST /download/.env HTTP/1.1" 404 22 "-" "Mozilla/5.0 (Macintosh; Intel Mac OS X 10.15; rv:77.0) Gecko/20100101Firefox/77.0"
3.89.60.212 - - [11/Oct/2023:09:51:38 +0900] "GET /uploads/.env HTTP/1.1" 404 22 "-" "Mozilla/5.0 (Macintosh; Intel Mac OS X 10.15; rv:77.0) Gecko/20100101Firefox/77.0"
3.89.60.212 - - [11/Oct/2023:09:51:38 +0900] "POST /uploads/.env HTTP/1.1" 404 22 "-" "Mozilla/5.0 (Macintosh; Intel Mac OS X 10.15; rv:77.0) Gecko/20100101Firefox/77.0"
3.89.60.212 - - [11/Oct/2023:09:51:38 +0900] "GET /cms/.env HTTP/1.1" 404 22 "-" "Mozilla/5.0 (Macintosh; Intel Mac OS X 10.15; rv:77.0) Gecko/20100101Firefox/77.0"
3.89.60.212 - - [11/Oct/2023:09:51:39 +0900] "POST /cms/.env HTTP/1.1" 404 22 "-" "Mozilla/5.0 (Macintosh; Intel Mac OS X 10.15; rv:77.0) Gecko/20100101Firefox/77.0"
3.89.60.212 - - [11/Oct/2023:09:51:39 +0900] "GET /local/.env HTTP/1.1" 404 22 "-" "Mozilla/5.0 (Macintosh; Intel Mac OS X 10.15; rv:77.0) Gecko/20100101Firefox/77.0"
3.89.60.212 - - [11/Oct/2023:09:51:39 +0900] "POST /local/.env HTTP/1.1" 404 22 "-" "Mozilla/5.0 (Macintosh; Intel Mac OS X 10.15; rv:77.0) Gecko/20100101Firefox/77.0"
3.89.60.212 - - [11/Oct/2023:09:51:40 +0900] "GET /public/.env HTTP/1.1" 404 22 "-" "Mozilla/5.0 (Macintosh; Intel Mac OS X 10.15; rv:77.0) Gecko/20100101Firefox/77.0"
3.89.60.212 - - [11/Oct/2023:09:51:40 +0900] "POST /public/.env HTTP/1.1" 404 22 "-" "Mozilla/5.0 (Macintosh; Intel Mac OS X 10.15; rv:77.0) Gecko/20100101Firefox/77.0"
3.89.60.212 - - [11/Oct/2023:09:51:41 +0900] "GET /admin/.env HTTP/1.1" 404 22 "-" "Mozilla/5.0 (Macintosh; Intel Mac OS X 10.15; rv:77.0) Gecko/20100101Firefox/77.0"
3.89.60.212 - - [11/Oct/2023:09:51:41 +0900] "POST /admin/.env HTTP/1.1" 404 22 "-" "Mozilla/5.0 (Macintosh; Intel Mac OS X 10.15; rv:77.0) Gecko/20100101Firefox/77.0"
3.89.60.212 - - [11/Oct/2023:09:51:41 +0900] "GET /enviroments/.env.production HTTP/1.1" 404 22 "-" "Mozilla/5.0 (Macintosh; Intel Mac OS X 10.15; rv:77.0) Gecko/20100101Firefox/77.0"
3.89.60.212 - - [11/Oct/2023:09:51:42 +0900] "POST /enviroments/.env.production HTTP/1.1" 404 22 "-" "Mozilla/5.0 (Macintosh; Intel Mac OS X 10.15; rv:77.0) Gecko/20100101Firefox/77.0"
3.89.60.212 - - [11/Oct/2023:09:51:42 +0900] "GET /.env.dev HTTP/1.1" 404 22 "-" "Mozilla/5.0 (Macintosh; Intel Mac OS X 10.15; rv:77.0) Gecko/20100101Firefox/77.0"
3.89.60.212 - - [11/Oct/2023:09:51:42 +0900] "POST /.env.dev HTTP/1.1" 404 22 "-" "Mozilla/5.0 (Macintosh; Intel Mac OS X 10.15; rv:77.0) Gecko/20100101Firefox/77.0"
3.89.60.212 - - [11/Oct/2023:09:51:43 +0900] "GET /v1/.env HTTP/1.1" 404 22 "-" "Mozilla/5.0 (Macintosh; Intel Mac OS X 10.15; rv:77.0) Gecko/20100101Firefox/77.0"
3.89.60.212 - - [11/Oct/2023:09:51:43 +0900] "POST /v1/.env HTTP/1.1" 404 22 "-" "Mozilla/5.0 (Macintosh; Intel Mac OS X 10.15; rv:77.0) Gecko/20100101Firefox/77.0"
3.89.60.212 - - [11/Oct/2023:09:51:43 +0900] "GET /vendor/.env HTTP/1.1" 404 22 "-" "Mozilla/5.0 (Macintosh; Intel Mac OS X 10.15; rv:77.0) Gecko/20100101Firefox/77.0"
3.89.60.212 - - [11/Oct/2023:09:51:44 +0900] "POST /vendor/.env HTTP/1.1" 404 22 "-" "Mozilla/5.0 (Macintosh; Intel Mac OS X 10.15; rv:77.0) Gecko/20100101Firefox/77.0"
3.89.60.212 - - [11/Oct/2023:09:51:44 +0900] "GET /application/.env HTTP/1.1" 404 22 "-" "Mozilla/5.0 (Macintosh; Intel Mac OS X 10.15; rv:77.0) Gecko/20100101Firefox/77.0"
3.89.60.212 - - [11/Oct/2023:09:51:45 +0900] "POST /application/.env HTTP/1.1" 404 22 "-" "Mozilla/5.0 (Macintosh; Intel Mac OS X 10.15; rv:77.0) Gecko/20100101Firefox/77.0"
3.89.60.212 - - [11/Oct/2023:09:51:45 +0900] "GET /laravel/.env HTTP/1.1" 404 22 "-" "Mozilla/5.0 (Macintosh; Intel Mac OS X 10.15; rv:77.0) Gecko/20100101Firefox/77.0"
3.89.60.212 - - [11/Oct/2023:09:51:45 +0900] "POST /laravel/.env HTTP/1.1" 404 22 "-" "Mozilla/5.0 (Macintosh; Intel Mac OS X 10.15; rv:77.0) Gecko/20100101Firefox/77.0"
3.89.60.212 - - [11/Oct/2023:09:51:46 +0900] "GET /.env HTTP/1.1" 404 22 "-" "Mozilla/5.0 (Macintosh; Intel Mac OS X 10.15; rv:77.0) Gecko/20100101Firefox/77.0"
3.89.60.212 - - [11/Oct/2023:09:51:46 +0900] "POST /.env HTTP/1.1" 404 22 "-" "Mozilla/5.0 (Macintosh; Intel Mac OS X 10.15; rv:77.0) Gecko/20100101Firefox/77.0"
3.89.60.212 - - [11/Oct/2023:09:51:46 +0900] "GET /assets/.env HTTP/1.1" 404 22 "-" "Mozilla/5.0 (Macintosh; Intel Mac OS X 10.15; rv:77.0) Gecko/20100101Firefox/77.0"
3.89.60.212 - - [11/Oct/2023:09:51:47 +0900] "POST /assets/.env HTTP/1.1" 405 31 "-" "Mozilla/5.0 (Macintosh; Intel Mac OS X 10.15; rv:77.0) Gecko/20100101Firefox/77.0"
3.89.60.212 - - [11/Oct/2023:09:51:47 +0900] "GET /frontend_dev.php/$ HTTP/1.1" 404 22 "-" "Mozilla/5.0 (Macintosh; Intel Mac OS X 10.15; rv:77.0) Gecko/20100101Firefox/77.0"
185.254.196.173 - - [11/Oct/2023:10:02:05 +0900] "GET /.env HTTP/1.1" 404 22 "-" "Mozilla/5.0 (X11; Linux x86_64) AppleWebKit/537.36 (KHTML, like Gecko) Chrome/81.0.4044.129 Safari/537.36"
185.254.196.173 - - [11/Oct/2023:10:02:06 +0900] "POST / HTTP/1.1" 405 31 "-" "Mozilla/5.0 (X11; Linux x86_64) AppleWebKit/537.36 (KHTML, like Gecko) Chrome/81.0.4044.129 Safari/537.36"
106.241.55.58 - - [11/Oct/2023:16:01:36 +0900] "GET / HTTP/1.1" 200 312 "-" "Mozilla/5.0 (Macintosh; Intel Mac OS X 10_15_7) AppleWebKit/537.36 (KHTML, like Gecko) Chrome/116.0.0.0 Safari/537.36"
106.241.55.58 - - [11/Oct/2023:16:01:37 +0900] "GET /assets/index-83488f9c.css HTTP/1.1" 200 311847 "http://13.209.246.152/" "Mozilla/5.0 (Macintosh; Intel Mac OS X 10_15_7) AppleWebKit/537.36 (KHTML, like Gecko) Chrome/116.0.0.0 Safari/537.36"
106.241.55.58 - - [11/Oct/2023:16:01:37 +0900] "GET /assets/index-4b769dd4.js HTTP/1.1" 200 618975 "http://13.209.246.152/" "Mozilla/5.0 (Macintosh; Intel Mac OS X 10_15_7) AppleWebKit/537.36 (KHTML, like Gecko) Chrome/116.0.0.0 Safari/537.36"
106.241.55.58 - - [11/Oct/2023:16:01:37 +0900] "GET /api/question/list?page=0&size=10&keyword= HTTP/1.1" 200 1433 "http://13.209.246.152/" "Mozilla/5.0 (Macintosh; Intel Mac OS X 10_15_7) AppleWebKit/537.36 (KHTML, like Gecko) Chrome/116.0.0.0 Safari/537.36"
106.241.55.58 - - [11/Oct/2023:16:01:40 +0900] "GET /api/question/detail/3? HTTP/1.1" 200 636 "http://13.209.246.152/" "Mozilla/5.0 (Macintosh; Intel Mac OS X 10_15_7) AppleWebKit/537.36 (KHTML, like Gecko) Chrome/116.0.0.0 Safari/537.36"
106.241.55.58 - - [11/Oct/2023:16:01:41 +0900] "GET /api/question/list?page=0&size=10&keyword= HTTP/1.1" 200 1433 "http://13.209.246.152/" "Mozilla/5.0 (Macintosh; Intel Mac OS X 10_15_7) AppleWebKit/537.36 (KHTML, like Gecko) Chrome/116.0.0.0 Safari/537.36"
