175.117.225.56 - - [08/Oct/2023:00:37:06 +0900] "GET / HTTP/1.1" 200 312 "-" "Mozilla/5.0 (Macintosh; Intel Mac OS X 10_15_7) AppleWebKit/537.36 (KHTML, like Gecko) Chrome/116.0.0.0 Safari/537.36"
175.117.225.56 - - [08/Oct/2023:00:37:26 +0900] "GET / HTTP/1.1" 200 312 "-" "Mozilla/5.0 (Macintosh; Intel Mac OS X 10_15_7) AppleWebKit/537.36 (KHTML, like Gecko) Chrome/116.0.0.0 Safari/537.36"
175.117.225.56 - - [08/Oct/2023:00:37:31 +0900] "GET / HTTP/1.1" 200 312 "-" "Mozilla/5.0 (Macintosh; Intel Mac OS X 10_15_7) AppleWebKit/537.36 (KHTML, like Gecko) Chrome/116.0.0.0 Safari/537.36"
175.117.225.56 - - [08/Oct/2023:00:37:31 +0900] "GET / HTTP/1.1" 200 312 "-" "Mozilla/5.0 (Macintosh; Intel Mac OS X 10_15_7) AppleWebKit/537.36 (KHTML, like Gecko) Chrome/116.0.0.0 Safari/537.36"
175.117.225.56 - - [08/Oct/2023:00:37:32 +0900] "GET / HTTP/1.1" 200 312 "-" "Mozilla/5.0 (Macintosh; Intel Mac OS X 10_15_7) AppleWebKit/537.36 (KHTML, like Gecko) Chrome/116.0.0.0 Safari/537.36"
175.117.225.56 - - [08/Oct/2023:00:38:25 +0900] "GET / HTTP/1.1" 200 312 "-" "Mozilla/5.0 (Macintosh; Intel Mac OS X 10_15_7) AppleWebKit/537.36 (KHTML, like Gecko) Chrome/116.0.0.0 Safari/537.36"
175.117.225.56 - - [08/Oct/2023:00:38:26 +0900] "GET / HTTP/1.1" 200 312 "-" "Mozilla/5.0 (Macintosh; Intel Mac OS X 10_15_7) AppleWebKit/537.36 (KHTML, like Gecko) Chrome/116.0.0.0 Safari/537.36"
175.117.225.56 - - [08/Oct/2023:00:49:52 +0900] "GET / HTTP/1.1" 200 312 "-" "Mozilla/5.0 (Macintosh; Intel Mac OS X 10_15_7) AppleWebKit/537.36 (KHTML, like Gecko) Chrome/116.0.0.0 Safari/537.36"
175.117.225.56 - - [08/Oct/2023:00:54:17 +0900] "GET / HTTP/1.1" 200 312 "-" "Mozilla/5.0 (Macintosh; Intel Mac OS X 10_15_7) AppleWebKit/537.36 (KHTML, like Gecko) Chrome/116.0.0.0 Safari/537.36"
175.117.225.56 - - [08/Oct/2023:00:54:17 +0900] "GET / HTTP/1.1" 200 312 "-" "Mozilla/5.0 (Macintosh; Intel Mac OS X 10_15_7) AppleWebKit/537.36 (KHTML, like Gecko) Chrome/116.0.0.0 Safari/537.36"
175.117.225.56 - - [08/Oct/2023:00:54:19 +0900] "GET / HTTP/1.1" 200 312 "-" "Mozilla/5.0 (Macintosh; Intel Mac OS X 10_15_7) AppleWebKit/537.36 (KHTML, like Gecko) Chrome/116.0.0.0 Safari/537.36"
175.117.225.56 - - [08/Oct/2023:00:54:58 +0900] "GET / HTTP/1.1" 200 312 "-" "Mozilla/5.0 (Macintosh; Intel Mac OS X 10_15_7) AppleWebKit/537.36 (KHTML, like Gecko) Chrome/116.0.0.0 Safari/537.36"
175.117.225.56 - - [08/Oct/2023:00:55:23 +0900] "GET / HTTP/1.1" 200 312 "-" "Mozilla/5.0 (Macintosh; Intel Mac OS X 10_15_7) AppleWebKit/537.36 (KHTML, like Gecko) Chrome/116.0.0.0 Safari/537.36"
175.117.225.56 - - [08/Oct/2023:00:55:25 +0900] "GET / HTTP/1.1" 200 312 "-" "Mozilla/5.0 (Macintosh; Intel Mac OS X 10_15_7) AppleWebKit/537.36 (KHTML, like Gecko) Chrome/116.0.0.0 Safari/537.36"
175.117.225.56 - - [08/Oct/2023:01:04:17 +0900] "GET / HTTP/1.1" 502 568 "-" "Mozilla/5.0 (Macintosh; Intel Mac OS X 10_15_7) AppleWebKit/537.36 (KHTML, like Gecko) Chrome/116.0.0.0 Safari/537.36"
175.117.225.56 - - [08/Oct/2023:01:04:41 +0900] "GET / HTTP/1.1" 502 568 "-" "Mozilla/5.0 (Macintosh; Intel Mac OS X 10_15_7) AppleWebKit/537.36 (KHTML, like Gecko) Chrome/116.0.0.0 Safari/537.36"
175.117.225.56 - - [08/Oct/2023:01:04:42 +0900] "GET / HTTP/1.1" 502 568 "-" "Mozilla/5.0 (Macintosh; Intel Mac OS X 10_15_7) AppleWebKit/537.36 (KHTML, like Gecko) Chrome/116.0.0.0 Safari/537.36"
175.117.225.56 - - [08/Oct/2023:01:04:43 +0900] "GET / HTTP/1.1" 502 568 "-" "Mozilla/5.0 (Macintosh; Intel Mac OS X 10_15_7) AppleWebKit/537.36 (KHTML, like Gecko) Chrome/116.0.0.0 Safari/537.36"
175.117.225.56 - - [08/Oct/2023:01:14:55 +0900] "GET / HTTP/1.1" 200 312 "-" "Mozilla/5.0 (Macintosh; Intel Mac OS X 10_15_7) AppleWebKit/537.36 (KHTML, like Gecko) Chrome/116.0.0.0 Safari/537.36"
185.254.196.173 - - [08/Oct/2023:01:17:42 +0900] "POST / HTTP/1.1" 405 31 "-" "Mozilla/5.0 (X11; Linux x86_64) AppleWebKit/537.36 (KHTML, like Gecko) Chrome/81.0.4044.129 Safari/537.36"
47.88.6.178 - - [08/Oct/2023:01:17:44 +0900] "GET / HTTP/1.1" 200 312 "-" "Mozilla/5.0 (Linux; Android 10; LIO-AN00 Build/HUAWEILIO-AN00; wv) AppleWebKit/537.36 (KHTML, like Gecko) Chrome/103.0.5060.114 Mobile Safari/537.36"
175.117.225.56 - - [08/Oct/2023:01:28:55 +0900] "GET / HTTP/1.1" 200 312 "-" "Mozilla/5.0 (Macintosh; Intel Mac OS X 10_15_7) AppleWebKit/537.36 (KHTML, like Gecko) Chrome/116.0.0.0 Safari/537.36"
175.117.225.56 - - [08/Oct/2023:01:28:59 +0900] "GET / HTTP/1.1" 200 312 "-" "Mozilla/5.0 (Macintosh; Intel Mac OS X 10_15_7) AppleWebKit/537.36 (KHTML, like Gecko) Chrome/116.0.0.0 Safari/537.36"
175.117.225.56 - - [08/Oct/2023:01:31:43 +0900] "GET / HTTP/1.1" 200 312 "-" "Mozilla/5.0 (Macintosh; Intel Mac OS X 10_15_7) AppleWebKit/537.36 (KHTML, like Gecko) Chrome/116.0.0.0 Safari/537.36"
175.117.225.56 - - [08/Oct/2023:01:31:44 +0900] "GET / HTTP/1.1" 200 312 "-" "Mozilla/5.0 (Macintosh; Intel Mac OS X 10_15_7) AppleWebKit/537.36 (KHTML, like Gecko) Chrome/116.0.0.0 Safari/537.36"
175.117.225.56 - - [08/Oct/2023:01:31:46 +0900] "GET / HTTP/1.1" 200 312 "-" "Mozilla/5.0 (Macintosh; Intel Mac OS X 10_15_7) AppleWebKit/537.36 (KHTML, like Gecko) Chrome/116.0.0.0 Safari/537.36"
175.117.225.56 - - [08/Oct/2023:01:35:09 +0900] "GET / HTTP/1.1" 200 312 "-" "Mozilla/5.0 (Macintosh; Intel Mac OS X 10_15_7) AppleWebKit/537.36 (KHTML, like Gecko) Chrome/116.0.0.0 Safari/537.36"
139.162.84.205 - - [08/Oct/2023:01:40:37 +0900] "GET / HTTP/1.0" 200 458 "-" "Mozilla/5.0 (X11; Linux x86_64) AppleWebKit/537.36 (KHTML, like Gecko) Chrome/109.0.0.0 Safari/537.36"
175.117.225.56 - - [08/Oct/2023:01:42:01 +0900] "GET / HTTP/1.1" 200 312 "-" "Mozilla/5.0 (Macintosh; Intel Mac OS X 10_15_7) AppleWebKit/537.36 (KHTML, like Gecko) Chrome/116.0.0.0 Safari/537.36"
175.117.225.56 - - [08/Oct/2023:01:42:02 +0900] "GET / HTTP/1.1" 200 312 "-" "Mozilla/5.0 (Macintosh; Intel Mac OS X 10_15_7) AppleWebKit/537.36 (KHTML, like Gecko) Chrome/116.0.0.0 Safari/537.36"
175.117.225.56 - - [08/Oct/2023:01:42:03 +0900] "GET / HTTP/1.1" 200 312 "-" "Mozilla/5.0 (Macintosh; Intel Mac OS X 10_15_7) AppleWebKit/537.36 (KHTML, like Gecko) Chrome/116.0.0.0 Safari/537.36"
175.117.225.56 - - [08/Oct/2023:01:46:07 +0900] "GET / HTTP/1.1" 502 568 "-" "Mozilla/5.0 (Macintosh; Intel Mac OS X 10_15_7) AppleWebKit/537.36 (KHTML, like Gecko) Chrome/116.0.0.0 Safari/537.36"
175.117.225.56 - - [08/Oct/2023:01:46:08 +0900] "GET / HTTP/1.1" 502 568 "-" "Mozilla/5.0 (Macintosh; Intel Mac OS X 10_15_7) AppleWebKit/537.36 (KHTML, like Gecko) Chrome/116.0.0.0 Safari/537.36"
175.117.225.56 - - [08/Oct/2023:01:46:11 +0900] "GET / HTTP/1.1" 502 568 "-" "Mozilla/5.0 (Macintosh; Intel Mac OS X 10_15_7) AppleWebKit/537.36 (KHTML, like Gecko) Chrome/116.0.0.0 Safari/537.36"
175.117.225.56 - - [08/Oct/2023:01:46:15 +0900] "GET / HTTP/1.1" 502 568 "-" "Mozilla/5.0 (Macintosh; Intel Mac OS X 10_15_7) AppleWebKit/537.36 (KHTML, like Gecko) Chrome/116.0.0.0 Safari/537.36"
175.117.225.56 - - [08/Oct/2023:01:46:32 +0900] "GET / HTTP/1.1" 200 312 "-" "Mozilla/5.0 (Macintosh; Intel Mac OS X 10_15_7) AppleWebKit/537.36 (KHTML, like Gecko) Chrome/116.0.0.0 Safari/537.36"
175.117.225.56 - - [08/Oct/2023:01:46:33 +0900] "GET / HTTP/1.1" 200 312 "-" "Mozilla/5.0 (Macintosh; Intel Mac OS X 10_15_7) AppleWebKit/537.36 (KHTML, like Gecko) Chrome/116.0.0.0 Safari/537.36"
175.117.225.56 - - [08/Oct/2023:01:46:33 +0900] "GET / HTTP/1.1" 200 312 "-" "Mozilla/5.0 (Macintosh; Intel Mac OS X 10_15_7) AppleWebKit/537.36 (KHTML, like Gecko) Chrome/116.0.0.0 Safari/537.36"
175.117.225.56 - - [08/Oct/2023:01:46:34 +0900] "GET / HTTP/1.1" 200 312 "-" "Mozilla/5.0 (Macintosh; Intel Mac OS X 10_15_7) AppleWebKit/537.36 (KHTML, like Gecko) Chrome/116.0.0.0 Safari/537.36"
127.0.0.1 - - [08/Oct/2023:01:47:35 +0900] "GET / HTTP/1.1" 200 458 "-" "curl/7.68.0"
175.117.225.56 - - [08/Oct/2023:01:50:20 +0900] "GET / HTTP/1.1" 200 312 "-" "Mozilla/5.0 (Macintosh; Intel Mac OS X 10_15_7) AppleWebKit/537.36 (KHTML, like Gecko) Chrome/116.0.0.0 Safari/537.36"
175.117.225.56 - - [08/Oct/2023:01:50:21 +0900] "GET / HTTP/1.1" 200 312 "-" "Mozilla/5.0 (Macintosh; Intel Mac OS X 10_15_7) AppleWebKit/537.36 (KHTML, like Gecko) Chrome/116.0.0.0 Safari/537.36"
175.117.225.56 - - [08/Oct/2023:01:55:40 +0900] "GET / HTTP/1.1" 200 312 "-" "Mozilla/5.0 (Macintosh; Intel Mac OS X 10_15_7) AppleWebKit/537.36 (KHTML, like Gecko) Chrome/116.0.0.0 Safari/537.36"
175.117.225.56 - - [08/Oct/2023:01:55:41 +0900] "GET / HTTP/1.1" 200 312 "-" "Mozilla/5.0 (Macintosh; Intel Mac OS X 10_15_7) AppleWebKit/537.36 (KHTML, like Gecko) Chrome/116.0.0.0 Safari/537.36"
175.117.225.56 - - [08/Oct/2023:01:55:41 +0900] "GET / HTTP/1.1" 200 312 "-" "Mozilla/5.0 (Macintosh; Intel Mac OS X 10_15_7) AppleWebKit/537.36 (KHTML, like Gecko) Chrome/116.0.0.0 Safari/537.36"
175.117.225.56 - - [08/Oct/2023:01:55:46 +0900] "GET / HTTP/1.1" 200 312 "-" "Mozilla/5.0 (Macintosh; Intel Mac OS X 10_15_7) AppleWebKit/537.36 (KHTML, like Gecko) Chrome/116.0.0.0 Safari/537.36"
175.117.225.56 - - [08/Oct/2023:01:55:46 +0900] "GET / HTTP/1.1" 200 312 "-" "Mozilla/5.0 (Macintosh; Intel Mac OS X 10_15_7) AppleWebKit/537.36 (KHTML, like Gecko) Chrome/116.0.0.0 Safari/537.36"
175.117.225.56 - - [08/Oct/2023:01:55:46 +0900] "GET / HTTP/1.1" 200 312 "-" "Mozilla/5.0 (Macintosh; Intel Mac OS X 10_15_7) AppleWebKit/537.36 (KHTML, like Gecko) Chrome/116.0.0.0 Safari/537.36"
175.117.225.56 - - [08/Oct/2023:01:55:46 +0900] "GET / HTTP/1.1" 200 312 "-" "Mozilla/5.0 (Macintosh; Intel Mac OS X 10_15_7) AppleWebKit/537.36 (KHTML, like Gecko) Chrome/116.0.0.0 Safari/537.36"
37.221.92.222 - - [08/Oct/2023:02:01:36 +0900] "GET / HTTP/1.1" 502 166 "-" "-"
175.117.225.56 - - [08/Oct/2023:02:02:10 +0900] "GET / HTTP/1.1" 502 568 "-" "Mozilla/5.0 (Macintosh; Intel Mac OS X 10_15_7) AppleWebKit/537.36 (KHTML, like Gecko) Chrome/116.0.0.0 Safari/537.36"
175.117.225.56 - - [08/Oct/2023:02:02:11 +0900] "GET / HTTP/1.1" 502 568 "-" "Mozilla/5.0 (Macintosh; Intel Mac OS X 10_15_7) AppleWebKit/537.36 (KHTML, like Gecko) Chrome/116.0.0.0 Safari/537.36"
175.117.225.56 - - [08/Oct/2023:02:02:54 +0900] "GET / HTTP/1.1" 502 568 "-" "Mozilla/5.0 (Macintosh; Intel Mac OS X 10_15_7) AppleWebKit/537.36 (KHTML, like Gecko) Chrome/116.0.0.0 Safari/537.36"
175.117.225.56 - - [08/Oct/2023:02:02:55 +0900] "GET / HTTP/1.1" 502 568 "-" "Mozilla/5.0 (Macintosh; Intel Mac OS X 10_15_7) AppleWebKit/537.36 (KHTML, like Gecko) Chrome/116.0.0.0 Safari/537.36"
175.117.225.56 - - [08/Oct/2023:02:02:55 +0900] "GET / HTTP/1.1" 502 568 "-" "Mozilla/5.0 (Macintosh; Intel Mac OS X 10_15_7) AppleWebKit/537.36 (KHTML, like Gecko) Chrome/116.0.0.0 Safari/537.36"
175.117.225.56 - - [08/Oct/2023:02:02:55 +0900] "GET / HTTP/1.1" 502 568 "-" "Mozilla/5.0 (Macintosh; Intel Mac OS X 10_15_7) AppleWebKit/537.36 (KHTML, like Gecko) Chrome/116.0.0.0 Safari/537.36"
175.117.225.56 - - [08/Oct/2023:02:02:56 +0900] "GET / HTTP/1.1" 502 568 "-" "Mozilla/5.0 (Macintosh; Intel Mac OS X 10_15_7) AppleWebKit/537.36 (KHTML, like Gecko) Chrome/116.0.0.0 Safari/537.36"
175.117.225.56 - - [08/Oct/2023:02:02:56 +0900] "GET / HTTP/1.1" 502 568 "-" "Mozilla/5.0 (Macintosh; Intel Mac OS X 10_15_7) AppleWebKit/537.36 (KHTML, like Gecko) Chrome/116.0.0.0 Safari/537.36"
175.117.225.56 - - [08/Oct/2023:02:02:57 +0900] "GET / HTTP/1.1" 502 568 "-" "Mozilla/5.0 (Macintosh; Intel Mac OS X 10_15_7) AppleWebKit/537.36 (KHTML, like Gecko) Chrome/116.0.0.0 Safari/537.36"
175.117.225.56 - - [08/Oct/2023:02:02:57 +0900] "GET / HTTP/1.1" 502 568 "-" "Mozilla/5.0 (Macintosh; Intel Mac OS X 10_15_7) AppleWebKit/537.36 (KHTML, like Gecko) Chrome/116.0.0.0 Safari/537.36"
175.117.225.56 - - [08/Oct/2023:02:04:02 +0900] "GET / HTTP/1.1" 200 312 "-" "Mozilla/5.0 (Macintosh; Intel Mac OS X 10_15_7) AppleWebKit/537.36 (KHTML, like Gecko) Chrome/116.0.0.0 Safari/537.36"
175.117.225.56 - - [08/Oct/2023:02:04:04 +0900] "GET / HTTP/1.1" 200 312 "-" "Mozilla/5.0 (Macintosh; Intel Mac OS X 10_15_7) AppleWebKit/537.36 (KHTML, like Gecko) Chrome/116.0.0.0 Safari/537.36"
175.117.225.56 - - [08/Oct/2023:02:04:06 +0900] "GET / HTTP/1.1" 200 312 "-" "Mozilla/5.0 (Macintosh; Intel Mac OS X 10_15_7) AppleWebKit/537.36 (KHTML, like Gecko) Chrome/116.0.0.0 Safari/537.36"
175.117.225.56 - - [08/Oct/2023:02:04:18 +0900] "GET / HTTP/1.1" 200 312 "-" "Mozilla/5.0 (Macintosh; Intel Mac OS X 10_15_7) AppleWebKit/537.36 (KHTML, like Gecko) Chrome/116.0.0.0 Safari/537.36"
175.117.225.56 - - [08/Oct/2023:02:07:39 +0900] "GET / HTTP/1.1" 200 312 "-" "Mozilla/5.0 (Macintosh; Intel Mac OS X 10_15_7) AppleWebKit/537.36 (KHTML, like Gecko) Chrome/116.0.0.0 Safari/537.36"
175.117.225.56 - - [08/Oct/2023:02:07:41 +0900] "GET / HTTP/1.1" 200 312 "-" "Mozilla/5.0 (Macintosh; Intel Mac OS X 10_15_7) AppleWebKit/537.36 (KHTML, like Gecko) Chrome/116.0.0.0 Safari/537.36"
175.117.225.56 - - [08/Oct/2023:02:07:42 +0900] "GET / HTTP/1.1" 200 312 "-" "Mozilla/5.0 (Macintosh; Intel Mac OS X 10_15_7) AppleWebKit/537.36 (KHTML, like Gecko) Chrome/116.0.0.0 Safari/537.36"
175.117.225.56 - - [08/Oct/2023:02:07:58 +0900] "GET / HTTP/1.1" 200 312 "-" "Mozilla/5.0 (Macintosh; Intel Mac OS X 10_15_7) AppleWebKit/537.36 (KHTML, like Gecko) Chrome/116.0.0.0 Safari/537.36"
175.117.225.56 - - [08/Oct/2023:02:08:55 +0900] "GET / HTTP/1.1" 200 312 "-" "Mozilla/5.0 (Macintosh; Intel Mac OS X 10_15_7) AppleWebKit/537.36 (KHTML, like Gecko) Chrome/116.0.0.0 Safari/537.36"
175.117.225.56 - - [08/Oct/2023:02:08:56 +0900] "GET / HTTP/1.1" 200 312 "-" "Mozilla/5.0 (Macintosh; Intel Mac OS X 10_15_7) AppleWebKit/537.36 (KHTML, like Gecko) Chrome/116.0.0.0 Safari/537.36"
175.117.225.56 - - [08/Oct/2023:02:21:44 +0900] "GET / HTTP/1.1" 502 568 "-" "Mozilla/5.0 (Macintosh; Intel Mac OS X 10_15_7) AppleWebKit/537.36 (KHTML, like Gecko) Chrome/116.0.0.0 Safari/537.36"
175.117.225.56 - - [08/Oct/2023:02:22:05 +0900] "GET / HTTP/1.1" 200 312 "-" "Mozilla/5.0 (Macintosh; Intel Mac OS X 10_15_7) AppleWebKit/537.36 (KHTML, like Gecko) Chrome/116.0.0.0 Safari/537.36"
185.73.246.68 - - [08/Oct/2023:02:25:20 +0900] "GET / HTTP/1.1" 502 568 "-" "Mozilla/5.0 (Windows NT 6.1; WOW64) AppleWebKit/537.36 (KHTML, like Gecko) Chrome/51.0.2704.103 Safari/537.36"
175.117.225.56 - - [08/Oct/2023:02:46:08 +0900] "GET / HTTP/1.1" 200 312 "-" "Mozilla/5.0 (Macintosh; Intel Mac OS X 10_15_7) AppleWebKit/537.36 (KHTML, like Gecko) Chrome/116.0.0.0 Safari/537.36"
175.117.225.56 - - [08/Oct/2023:02:50:50 +0900] "GET / HTTP/1.1" 200 312 "-" "Mozilla/5.0 (Macintosh; Intel Mac OS X 10_15_7) AppleWebKit/537.36 (KHTML, like Gecko) Chrome/116.0.0.0 Safari/537.36"
175.117.225.56 - - [08/Oct/2023:02:50:50 +0900] "GET / HTTP/1.1" 200 312 "-" "Mozilla/5.0 (Macintosh; Intel Mac OS X 10_15_7) AppleWebKit/537.36 (KHTML, like Gecko) Chrome/116.0.0.0 Safari/537.36"
175.117.225.56 - - [08/Oct/2023:02:59:31 +0900] "GET / HTTP/1.1" 200 312 "-" "Mozilla/5.0 (Macintosh; Intel Mac OS X 10_15_7) AppleWebKit/537.36 (KHTML, like Gecko) Chrome/116.0.0.0 Safari/537.36"
175.117.225.56 - - [08/Oct/2023:02:59:32 +0900] "GET / HTTP/1.1" 200 312 "-" "Mozilla/5.0 (Macintosh; Intel Mac OS X 10_15_7) AppleWebKit/537.36 (KHTML, like Gecko) Chrome/116.0.0.0 Safari/537.36"
175.117.225.56 - - [08/Oct/2023:02:59:33 +0900] "GET / HTTP/1.1" 200 312 "-" "Mozilla/5.0 (Macintosh; Intel Mac OS X 10_15_7) AppleWebKit/537.36 (KHTML, like Gecko) Chrome/116.0.0.0 Safari/537.36"
175.117.225.56 - - [08/Oct/2023:03:06:20 +0900] "GET / HTTP/1.1" 200 312 "-" "Mozilla/5.0 (Macintosh; Intel Mac OS X 10_15_7) AppleWebKit/537.36 (KHTML, like Gecko) Chrome/116.0.0.0 Safari/537.36"
175.117.225.56 - - [08/Oct/2023:03:06:21 +0900] "GET / HTTP/1.1" 200 312 "-" "Mozilla/5.0 (Macintosh; Intel Mac OS X 10_15_7) AppleWebKit/537.36 (KHTML, like Gecko) Chrome/116.0.0.0 Safari/537.36"
175.117.225.56 - - [08/Oct/2023:03:06:22 +0900] "GET / HTTP/1.1" 200 312 "-" "Mozilla/5.0 (Macintosh; Intel Mac OS X 10_15_7) AppleWebKit/537.36 (KHTML, like Gecko) Chrome/116.0.0.0 Safari/537.36"
175.117.225.56 - - [08/Oct/2023:03:06:23 +0900] "GET / HTTP/1.1" 200 312 "-" "Mozilla/5.0 (Macintosh; Intel Mac OS X 10_15_7) AppleWebKit/537.36 (KHTML, like Gecko) Chrome/116.0.0.0 Safari/537.36"
175.117.225.56 - - [08/Oct/2023:03:06:23 +0900] "GET / HTTP/1.1" 200 312 "-" "Mozilla/5.0 (Macintosh; Intel Mac OS X 10_15_7) AppleWebKit/537.36 (KHTML, like Gecko) Chrome/116.0.0.0 Safari/537.36"
175.117.225.56 - - [08/Oct/2023:03:06:23 +0900] "GET / HTTP/1.1" 200 312 "-" "Mozilla/5.0 (Macintosh; Intel Mac OS X 10_15_7) AppleWebKit/537.36 (KHTML, like Gecko) Chrome/116.0.0.0 Safari/537.36"
175.117.225.56 - - [08/Oct/2023:03:06:24 +0900] "GET / HTTP/1.1" 200 312 "-" "Mozilla/5.0 (Macintosh; Intel Mac OS X 10_15_7) AppleWebKit/537.36 (KHTML, like Gecko) Chrome/116.0.0.0 Safari/537.36"
175.117.225.56 - - [08/Oct/2023:03:06:24 +0900] "GET / HTTP/1.1" 200 312 "-" "Mozilla/5.0 (Macintosh; Intel Mac OS X 10_15_7) AppleWebKit/537.36 (KHTML, like Gecko) Chrome/116.0.0.0 Safari/537.36"
175.117.225.56 - - [08/Oct/2023:03:06:24 +0900] "GET / HTTP/1.1" 200 312 "-" "Mozilla/5.0 (Macintosh; Intel Mac OS X 10_15_7) AppleWebKit/537.36 (KHTML, like Gecko) Chrome/116.0.0.0 Safari/537.36"
175.117.225.56 - - [08/Oct/2023:03:06:24 +0900] "GET / HTTP/1.1" 200 312 "-" "Mozilla/5.0 (Macintosh; Intel Mac OS X 10_15_7) AppleWebKit/537.36 (KHTML, like Gecko) Chrome/116.0.0.0 Safari/537.36"
175.117.225.56 - - [08/Oct/2023:03:06:24 +0900] "GET / HTTP/1.1" 200 312 "-" "Mozilla/5.0 (Macintosh; Intel Mac OS X 10_15_7) AppleWebKit/537.36 (KHTML, like Gecko) Chrome/116.0.0.0 Safari/537.36"
175.117.225.56 - - [08/Oct/2023:03:06:25 +0900] "GET / HTTP/1.1" 200 312 "-" "Mozilla/5.0 (Macintosh; Intel Mac OS X 10_15_7) AppleWebKit/537.36 (KHTML, like Gecko) Chrome/116.0.0.0 Safari/537.36"
175.117.225.56 - - [08/Oct/2023:03:07:51 +0900] "GET / HTTP/1.1" 200 312 "-" "Mozilla/5.0 (Macintosh; Intel Mac OS X 10_15_7) AppleWebKit/537.36 (KHTML, like Gecko) Chrome/116.0.0.0 Safari/537.36"
175.117.225.56 - - [08/Oct/2023:03:07:51 +0900] "GET / HTTP/1.1" 200 312 "-" "Mozilla/5.0 (Macintosh; Intel Mac OS X 10_15_7) AppleWebKit/537.36 (KHTML, like Gecko) Chrome/116.0.0.0 Safari/537.36"
175.117.225.56 - - [08/Oct/2023:03:07:51 +0900] "GET / HTTP/1.1" 200 312 "-" "Mozilla/5.0 (Macintosh; Intel Mac OS X 10_15_7) AppleWebKit/537.36 (KHTML, like Gecko) Chrome/116.0.0.0 Safari/537.36"
175.117.225.56 - - [08/Oct/2023:03:09:30 +0900] "GET / HTTP/1.1" 200 312 "-" "Mozilla/5.0 (Macintosh; Intel Mac OS X 10_15_7) AppleWebKit/537.36 (KHTML, like Gecko) Chrome/116.0.0.0 Safari/537.36"
175.117.225.56 - - [08/Oct/2023:03:09:31 +0900] "GET / HTTP/1.1" 200 312 "-" "Mozilla/5.0 (Macintosh; Intel Mac OS X 10_15_7) AppleWebKit/537.36 (KHTML, like Gecko) Chrome/116.0.0.0 Safari/537.36"
175.117.225.56 - - [08/Oct/2023:03:09:31 +0900] "GET / HTTP/1.1" 200 312 "-" "Mozilla/5.0 (Macintosh; Intel Mac OS X 10_15_7) AppleWebKit/537.36 (KHTML, like Gecko) Chrome/116.0.0.0 Safari/537.36"
175.117.225.56 - - [08/Oct/2023:03:09:31 +0900] "GET / HTTP/1.1" 200 312 "-" "Mozilla/5.0 (Macintosh; Intel Mac OS X 10_15_7) AppleWebKit/537.36 (KHTML, like Gecko) Chrome/116.0.0.0 Safari/537.36"
175.117.225.56 - - [08/Oct/2023:03:09:31 +0900] "GET / HTTP/1.1" 200 312 "-" "Mozilla/5.0 (Macintosh; Intel Mac OS X 10_15_7) AppleWebKit/537.36 (KHTML, like Gecko) Chrome/116.0.0.0 Safari/537.36"
175.117.225.56 - - [08/Oct/2023:03:09:32 +0900] "GET / HTTP/1.1" 200 312 "-" "Mozilla/5.0 (Macintosh; Intel Mac OS X 10_15_7) AppleWebKit/537.36 (KHTML, like Gecko) Chrome/116.0.0.0 Safari/537.36"
35.187.98.121 - - [08/Oct/2023:03:09:55 +0900] "GET / HTTP/1.1" 200 312 "-" "python-requests/2.31.0"
175.117.225.56 - - [08/Oct/2023:03:17:46 +0900] "GET / HTTP/1.1" 200 312 "-" "Mozilla/5.0 (Macintosh; Intel Mac OS X 10_15_7) AppleWebKit/537.36 (KHTML, like Gecko) Chrome/116.0.0.0 Safari/537.36"
175.117.225.56 - - [08/Oct/2023:03:17:47 +0900] "GET / HTTP/1.1" 200 312 "-" "Mozilla/5.0 (Macintosh; Intel Mac OS X 10_15_7) AppleWebKit/537.36 (KHTML, like Gecko) Chrome/116.0.0.0 Safari/537.36"
175.117.225.56 - - [08/Oct/2023:03:21:38 +0900] "GET / HTTP/1.1" 200 312 "-" "Mozilla/5.0 (Macintosh; Intel Mac OS X 10_15_7) AppleWebKit/537.36 (KHTML, like Gecko) Chrome/116.0.0.0 Safari/537.36"
175.117.225.56 - - [08/Oct/2023:03:21:38 +0900] "GET / HTTP/1.1" 200 312 "-" "Mozilla/5.0 (Macintosh; Intel Mac OS X 10_15_7) AppleWebKit/537.36 (KHTML, like Gecko) Chrome/116.0.0.0 Safari/537.36"
61.178.32.114 - - [08/Oct/2023:03:31:05 +0900] "GET / HTTP/1.1" 502 568 "-" "Mozilla/5.0 (Windows NT 10.0; Win64; x64) AppleWebKit/537.36 (KHTML, like Gecko) Chrome/63.0.3239.84 Safari/537.36"
175.117.225.56 - - [08/Oct/2023:03:32:01 +0900] "GET / HTTP/1.1" 200 312 "-" "Mozilla/5.0 (Macintosh; Intel Mac OS X 10_15_7) AppleWebKit/537.36 (KHTML, like Gecko) Chrome/116.0.0.0 Safari/537.36"
175.117.225.56 - - [08/Oct/2023:03:37:51 +0900] "GET / HTTP/1.1" 200 312 "-" "Mozilla/5.0 (Macintosh; Intel Mac OS X 10_15_7) AppleWebKit/537.36 (KHTML, like Gecko) Chrome/116.0.0.0 Safari/537.36"
175.117.225.56 - - [08/Oct/2023:03:37:53 +0900] "GET / HTTP/1.1" 200 312 "-" "Mozilla/5.0 (Macintosh; Intel Mac OS X 10_15_7) AppleWebKit/537.36 (KHTML, like Gecko) Chrome/116.0.0.0 Safari/537.36"
175.117.225.56 - - [08/Oct/2023:03:38:10 +0900] "GET / HTTP/1.1" 200 312 "-" "Mozilla/5.0 (Macintosh; Intel Mac OS X 10_15_7) AppleWebKit/537.36 (KHTML, like Gecko) Chrome/116.0.0.0 Safari/537.36"
175.117.225.56 - - [08/Oct/2023:03:42:28 +0900] "GET / HTTP/1.1" 502 568 "-" "Mozilla/5.0 (Macintosh; Intel Mac OS X 10_15_7) AppleWebKit/537.36 (KHTML, like Gecko) Chrome/116.0.0.0 Safari/537.36"
175.117.225.56 - - [08/Oct/2023:03:42:30 +0900] "GET / HTTP/1.1" 502 568 "-" "Mozilla/5.0 (Macintosh; Intel Mac OS X 10_15_7) AppleWebKit/537.36 (KHTML, like Gecko) Chrome/116.0.0.0 Safari/537.36"
175.117.225.56 - - [08/Oct/2023:03:42:30 +0900] "GET / HTTP/1.1" 502 568 "-" "Mozilla/5.0 (Macintosh; Intel Mac OS X 10_15_7) AppleWebKit/537.36 (KHTML, like Gecko) Chrome/116.0.0.0 Safari/537.36"
175.117.225.56 - - [08/Oct/2023:03:42:30 +0900] "GET / HTTP/1.1" 502 568 "-" "Mozilla/5.0 (Macintosh; Intel Mac OS X 10_15_7) AppleWebKit/537.36 (KHTML, like Gecko) Chrome/116.0.0.0 Safari/537.36"
175.117.225.56 - - [08/Oct/2023:03:42:30 +0900] "GET / HTTP/1.1" 502 568 "-" "Mozilla/5.0 (Macintosh; Intel Mac OS X 10_15_7) AppleWebKit/537.36 (KHTML, like Gecko) Chrome/116.0.0.0 Safari/537.36"
175.117.225.56 - - [08/Oct/2023:03:42:58 +0900] "GET / HTTP/1.1" 502 568 "-" "Mozilla/5.0 (Macintosh; Intel Mac OS X 10_15_7) AppleWebKit/537.36 (KHTML, like Gecko) Chrome/116.0.0.0 Safari/537.36"
175.117.225.56 - - [08/Oct/2023:03:43:02 +0900] "GET / HTTP/1.1" 502 568 "-" "Mozilla/5.0 (Macintosh; Intel Mac OS X 10_15_7) AppleWebKit/537.36 (KHTML, like Gecko) Chrome/116.0.0.0 Safari/537.36"
175.117.225.56 - - [08/Oct/2023:03:43:03 +0900] "GET / HTTP/1.1" 502 568 "-" "Mozilla/5.0 (Macintosh; Intel Mac OS X 10_15_7) AppleWebKit/537.36 (KHTML, like Gecko) Chrome/116.0.0.0 Safari/537.36"
175.117.225.56 - - [08/Oct/2023:03:43:12 +0900] "GET / HTTP/1.1" 200 312 "-" "Mozilla/5.0 (Macintosh; Intel Mac OS X 10_15_7) AppleWebKit/537.36 (KHTML, like Gecko) Chrome/116.0.0.0 Safari/537.36"
175.117.225.56 - - [08/Oct/2023:03:51:34 +0900] "GET / HTTP/1.1" 200 312 "-" "Mozilla/5.0 (Macintosh; Intel Mac OS X 10_15_7) AppleWebKit/537.36 (KHTML, like Gecko) Chrome/116.0.0.0 Safari/537.36"
175.117.225.56 - - [08/Oct/2023:03:52:49 +0900] "GET / HTTP/1.1" 502 568 "-" "Mozilla/5.0 (Macintosh; Intel Mac OS X 10_15_7) AppleWebKit/537.36 (KHTML, like Gecko) Chrome/116.0.0.0 Safari/537.36"
175.117.225.56 - - [08/Oct/2023:03:52:51 +0900] "GET / HTTP/1.1" 502 568 "-" "Mozilla/5.0 (Macintosh; Intel Mac OS X 10_15_7) AppleWebKit/537.36 (KHTML, like Gecko) Chrome/116.0.0.0 Safari/537.36"
175.117.225.56 - - [08/Oct/2023:03:52:52 +0900] "GET / HTTP/1.1" 502 568 "-" "Mozilla/5.0 (Macintosh; Intel Mac OS X 10_15_7) AppleWebKit/537.36 (KHTML, like Gecko) Chrome/116.0.0.0 Safari/537.36"
175.117.225.56 - - [08/Oct/2023:03:52:52 +0900] "GET / HTTP/1.1" 502 568 "-" "Mozilla/5.0 (Macintosh; Intel Mac OS X 10_15_7) AppleWebKit/537.36 (KHTML, like Gecko) Chrome/116.0.0.0 Safari/537.36"
175.117.225.56 - - [08/Oct/2023:03:52:57 +0900] "GET / HTTP/1.1" 502 568 "-" "Mozilla/5.0 (Macintosh; Intel Mac OS X 10_15_7) AppleWebKit/537.36 (KHTML, like Gecko) Chrome/116.0.0.0 Safari/537.36"
175.117.225.56 - - [08/Oct/2023:03:52:57 +0900] "GET / HTTP/1.1" 502 568 "-" "Mozilla/5.0 (Macintosh; Intel Mac OS X 10_15_7) AppleWebKit/537.36 (KHTML, like Gecko) Chrome/116.0.0.0 Safari/537.36"
205.210.31.228 - - [08/Oct/2023:03:55:08 +0900] "GET / HTTP/1.0" 502 166 "-" "Expanse, a Palo Alto Networks company, searches across the global IPv4 space multiple times per day to identify customers&#39; presences on the Internet. If you would like to be excluded from our scans, please send IP addresses/domains to: scaninfo@paloaltonetworks.com"
175.117.225.56 - - [08/Oct/2023:03:55:38 +0900] "GET / HTTP/1.1" 502 568 "-" "Mozilla/5.0 (Macintosh; Intel Mac OS X 10_15_7) AppleWebKit/537.36 (KHTML, like Gecko) Chrome/116.0.0.0 Safari/537.36"
175.117.225.56 - - [08/Oct/2023:03:55:39 +0900] "GET / HTTP/1.1" 502 568 "-" "Mozilla/5.0 (Macintosh; Intel Mac OS X 10_15_7) AppleWebKit/537.36 (KHTML, like Gecko) Chrome/116.0.0.0 Safari/537.36"
175.117.225.56 - - [08/Oct/2023:03:55:39 +0900] "GET / HTTP/1.1" 502 568 "-" "Mozilla/5.0 (Macintosh; Intel Mac OS X 10_15_7) AppleWebKit/537.36 (KHTML, like Gecko) Chrome/116.0.0.0 Safari/537.36"
175.117.225.56 - - [08/Oct/2023:03:55:39 +0900] "GET / HTTP/1.1" 502 568 "-" "Mozilla/5.0 (Macintosh; Intel Mac OS X 10_15_7) AppleWebKit/537.36 (KHTML, like Gecko) Chrome/116.0.0.0 Safari/537.36"
175.117.225.56 - - [08/Oct/2023:03:55:40 +0900] "GET / HTTP/1.1" 502 568 "-" "Mozilla/5.0 (Macintosh; Intel Mac OS X 10_15_7) AppleWebKit/537.36 (KHTML, like Gecko) Chrome/116.0.0.0 Safari/537.36"
175.117.225.56 - - [08/Oct/2023:03:55:40 +0900] "GET / HTTP/1.1" 502 568 "-" "Mozilla/5.0 (Macintosh; Intel Mac OS X 10_15_7) AppleWebKit/537.36 (KHTML, like Gecko) Chrome/116.0.0.0 Safari/537.36"
175.117.225.56 - - [08/Oct/2023:03:55:40 +0900] "GET / HTTP/1.1" 502 568 "-" "Mozilla/5.0 (Macintosh; Intel Mac OS X 10_15_7) AppleWebKit/537.36 (KHTML, like Gecko) Chrome/116.0.0.0 Safari/537.36"
175.117.225.56 - - [08/Oct/2023:03:55:40 +0900] "GET / HTTP/1.1" 502 568 "-" "Mozilla/5.0 (Macintosh; Intel Mac OS X 10_15_7) AppleWebKit/537.36 (KHTML, like Gecko) Chrome/116.0.0.0 Safari/537.36"
175.117.225.56 - - [08/Oct/2023:03:55:41 +0900] "GET / HTTP/1.1" 502 568 "-" "Mozilla/5.0 (Macintosh; Intel Mac OS X 10_15_7) AppleWebKit/537.36 (KHTML, like Gecko) Chrome/116.0.0.0 Safari/537.36"
175.117.225.56 - - [08/Oct/2023:03:55:41 +0900] "GET / HTTP/1.1" 502 568 "-" "Mozilla/5.0 (Macintosh; Intel Mac OS X 10_15_7) AppleWebKit/537.36 (KHTML, like Gecko) Chrome/116.0.0.0 Safari/537.36"
175.117.225.56 - - [08/Oct/2023:03:59:39 +0900] "GET / HTTP/1.1" 200 312 "-" "Mozilla/5.0 (Macintosh; Intel Mac OS X 10_15_7) AppleWebKit/537.36 (KHTML, like Gecko) Chrome/116.0.0.0 Safari/537.36"
39.108.214.223 - - [08/Oct/2023:04:27:25 +0900] "GET / HTTP/1.1" 502 568 "-" "Mozilla/5.0 (Windows NT 10.0; Win64; x64) AppleWebKit/537.36 (KHTML, like Gecko) Chrome/63.0.3239.84 Safari/537.36"
185.254.196.186 - - [08/Oct/2023:04:39:56 +0900] "POST / HTTP/1.1" 502 568 "-" "Mozilla/5.0 (X11; Linux x86_64) AppleWebKit/537.36 (KHTML, like Gecko) Chrome/81.0.4044.129 Safari/537.36"
139.162.84.205 - - [08/Oct/2023:05:39:19 +0900] "GET / HTTP/1.0" 502 568 "-" "Mozilla/5.0 (X11; Linux x86_64) AppleWebKit/537.36 (KHTML, like Gecko) Chrome/109.0.0.0 Safari/537.36"
194.187.176.239 - - [08/Oct/2023:05:47:26 +0900] "GET / HTTP/1.1" 502 166 "-" "Mozilla/5.0 (Windows NT 10.0; Win64; x64; rv:65.0) Gecko/20100101 Firefox/65.0"
37.221.92.222 - - [08/Oct/2023:06:53:20 +0900] "GET / HTTP/1.1" 502 166 "-" "-"
185.229.66.128 - - [08/Oct/2023:06:55:08 +0900] "GET / HTTP/1.1" 502 166 "-" "-"
45.88.90.106 - - [08/Oct/2023:07:54:11 +0900] "GET / HTTP/1.1" 502 166 "-" "-"
185.38.111.110 - - [08/Oct/2023:07:56:51 +0900] "GET / HTTP/1.0" 502 166 "-" "masscan/1.3 (https://github.com/robertdavidgraham/masscan)"
167.94.146.56 - - [08/Oct/2023:09:24:51 +0900] "GET / HTTP/1.1" 502 166 "-" "-"
167.94.146.56 - - [08/Oct/2023:09:24:51 +0900] "GET / HTTP/1.1" 502 166 "-" "Mozilla/5.0 (compatible; CensysInspect/1.1; +https://about.censys.io/)"
116.198.40.76 - - [08/Oct/2023:09:29:44 +0900] "GET / HTTP/1.1" 502 568 "-" "Mozilla/5.0 (Windows NT 10.0; Win64; x64) AppleWebKit/537.36 (KHTML, like Gecko) Chrome/63.0.3239.84 Safari/537.36"
162.216.149.249 - - [08/Oct/2023:10:01:44 +0900] "GET / HTTP/1.1" 502 166 "-" "Expanse, a Palo Alto Networks company, searches across the global IPv4 space multiple times per day to identify customers&#39; presences on the Internet. If you would like to be excluded from our scans, please send IP addresses/domains to: scaninfo@paloaltonetworks.com"
167.248.133.186 - - [08/Oct/2023:10:45:47 +0900] "GET / HTTP/1.1" 502 166 "-" "-"
167.248.133.186 - - [08/Oct/2023:10:45:47 +0900] "GET / HTTP/1.1" 502 166 "-" "Mozilla/5.0 (compatible; CensysInspect/1.1; +https://about.censys.io/)"
103.203.57.7 - - [08/Oct/2023:11:05:40 +0900] "GET / HTTP/1.1" 502 166 "-" "HTTP Banner Detection (https://security.ipip.net)"
162.216.150.230 - - [08/Oct/2023:11:09:02 +0900] "GET / HTTP/1.1" 502 166 "-" "Expanse, a Palo Alto Networks company, searches across the global IPv4 space multiple times per day to identify customers&#39; presences on the Internet. If you would like to be excluded from our scans, please send IP addresses/domains to: scaninfo@paloaltonetworks.com"
139.162.84.205 - - [08/Oct/2023:13:39:08 +0900] "GET / HTTP/1.0" 502 568 "-" "Mozilla/5.0 (X11; Linux x86_64) AppleWebKit/537.36 (KHTML, like Gecko) Chrome/109.0.0.0 Safari/537.36"
3.72.19.65 - - [08/Oct/2023:13:52:31 +0900] "GET / HTTP/1.1" 502 568 "-" "Mozilla/5.0 (Windows NT 6.2) AppleWebKit/536.6 (KHTML, like Gecko) Chrome/20.0.1090.0 Safari/536.6"
94.102.61.10 - - [08/Oct/2023:14:04:17 +0900] "GET / HTTP/1.1" 502 568 "-" "Mozilla/5.0 (Windows NT 10.0; Win64; x64) AppleWebKit/537.36 (KHTML, like Gecko) Chrome/88.0.4324.190 Safari/537.36"
68.183.22.197 - - [08/Oct/2023:14:06:12 +0900] "GET / HTTP/1.1" 502 568 "-" "Mozilla/5.0 (X11; Linux x86_64) AppleWebKit/537.36 (KHTML, like Gecko) Chrome/108.0.0.0 Safari/537.36"
54.154.19.130 - - [08/Oct/2023:14:53:02 +0900] "GET / HTTP/1.1" 502 568 "-" "Mozilla/5.0 (Linux; Android 9; rv:75.0.3770.67) AppleWebKit/537.36 (KHTML, like Gecko) Chrome/75.0.3770.67 Mobile Safari/537.36"
198.199.113.49 - - [08/Oct/2023:15:09:43 +0900] "GET / HTTP/1.1" 502 166 "-" "Mozilla/5.0 zgrab/0.x"
45.128.232.185 - - [08/Oct/2023:15:35:24 +0900] "GET / HTTP/1.1" 502 166 "-" "Go-http-client/1.1"
185.254.196.173 - - [08/Oct/2023:16:32:26 +0900] "POST / HTTP/1.1" 502 568 "-" "Mozilla/5.0 (X11; Linux x86_64) AppleWebKit/537.36 (KHTML, like Gecko) Chrome/81.0.4044.129 Safari/537.36"
139.162.84.205 - - [08/Oct/2023:17:41:52 +0900] "GET / HTTP/1.0" 502 568 "-" "Mozilla/5.0 (X11; Linux x86_64) AppleWebKit/537.36 (KHTML, like Gecko) Chrome/109.0.0.0 Safari/537.36"
36.82.96.184 - - [08/Oct/2023:18:28:11 +0900] "GET / HTTP/1.1" 502 166 "-" "Mozilla/5.0 (Macintosh; Intel Mac OS X 10_11_6) AppleWebKit/601.7.7 (KHTML, like Gecko) Version/9.1.2 Safari/601.7.7"
199.45.155.4 - - [08/Oct/2023:18:39:50 +0900] "GET / HTTP/1.1" 502 166 "-" "Mozilla/5.0 (X11; Linux i686; rv:110.0) Gecko/20100101 Firefox/110.0"
199.45.154.4 - - [08/Oct/2023:18:39:58 +0900] "GET / HTTP/1.1" 502 166 "-" "Mozilla/5.0 (X11; Linux i686; rv:110.0) Gecko/20100101 Firefox/110.0"
43.248.128.82 - - [08/Oct/2023:18:40:53 +0900] "GET / HTTP/1.1" 502 166 "-" "Mozilla/5.0 (X11; Linux i686; rv:110.0) Gecko/20100101 Firefox/110.0"
171.67.71.144 - - [08/Oct/2023:18:41:59 +0900] "GET / HTTP/1.1" 502 166 "-" "Mozilla/5.0 (X11; Linux i686; rv:110.0) Gecko/20100101 Firefox/110.0"
172.104.210.105 - - [08/Oct/2023:19:05:35 +0900] "GET / HTTP/1.1" 502 166 "-" "Mozilla/5.0 zgrab/0.x"
45.79.181.223 - - [08/Oct/2023:19:05:41 +0900] "GET / HTTP/1.1" 502 568 "-" "Mozilla/5.0 (Macintosh; Intel Mac OS X 13_1) AppleWebKit/537.36 (KHTML, like Gecko) Chrome/108.0.0.0 Safari/537.36"
185.254.196.173 - - [08/Oct/2023:19:19:58 +0900] "POST / HTTP/1.1" 502 568 "-" "Mozilla/5.0 (X11; Linux x86_64) AppleWebKit/537.36 (KHTML, like Gecko) Chrome/81.0.4044.129 Safari/537.36"
38.110.46.2 - - [08/Oct/2023:19:24:13 +0900] "GET / HTTP/1.1" 502 166 "-" "Mozilla/5.0 (X11; Linux i686; rv:110.0) Gecko/20100101 Firefox/110.0"
205.210.31.158 - - [08/Oct/2023:19:26:08 +0900] "GET / HTTP/1.0" 502 166 "-" "Expanse, a Palo Alto Networks company, searches across the global IPv4 space multiple times per day to identify customers&#39; presences on the Internet. If you would like to be excluded from our scans, please send IP addresses/domains to: scaninfo@paloaltonetworks.com"
162.142.125.224 - - [08/Oct/2023:20:31:11 +0900] "GET / HTTP/1.1" 502 166 "-" "-"
162.142.125.224 - - [08/Oct/2023:20:31:11 +0900] "GET / HTTP/1.1" 502 166 "-" "Mozilla/5.0 (compatible; CensysInspect/1.1; +https://about.censys.io/)"
185.254.196.173 - - [08/Oct/2023:20:34:14 +0900] "POST / HTTP/1.1" 502 568 "-" "Mozilla/5.0 (X11; Linux x86_64) AppleWebKit/537.36 (KHTML, like Gecko) Chrome/81.0.4044.129 Safari/537.36"
162.142.125.224 - - [08/Oct/2023:20:55:59 +0900] "GET / HTTP/1.1" 502 166 "-" "-"
162.142.125.224 - - [08/Oct/2023:20:56:00 +0900] "GET / HTTP/1.1" 502 166 "-" "Mozilla/5.0 (compatible; CensysInspect/1.1; +https://about.censys.io/)"
167.99.182.39 - - [08/Oct/2023:21:03:03 +0900] "GET / HTTP/1.1" 502 166 "-" "-"
167.99.182.39 - - [08/Oct/2023:21:03:03 +0900] "GET / HTTP/1.1" 502 568 "-" "Mozilla/5.0 (Linux; Android 6.0; HTC One M9 Build/MRA67394) AppleWebKit/537.36 (KHTML, like Gecko) Chrome/52.0.2318.98 Mobile Safari/537.3"
167.99.182.39 - - [08/Oct/2023:21:03:12 +0900] "GET /?rest_route=/wp/v2/users/ HTTP/1.1" 502 166 "-" "Go-http-client/1.1"
196.117.132.251 - - [08/Oct/2023:21:08:01 +0900] "POST / HTTP/1.1" 502 568 "-" "Mozilla/5.0 (X11; Linux x86_64) AppleWebKit/537.36 (KHTML, like Gecko) Chrome/81.0.4044.129 Safari/537.36"
37.53.76.29 - - [08/Oct/2023:21:15:22 +0900] "GET / HTTP/1.1" 502 568 "-" "Mozilla/5.0 (Windows NT 6.1; WOW64) AppleWebKit/537.36 (KHTML, like Gecko) Chrome/51.0.2704.103 Safari/537.36"
18.143.190.243 - - [08/Oct/2023:21:33:31 +0900] "POST / HTTP/1.1" 502 568 "-" "Mozilla/5.0 (Macintosh; Intel Mac OS X 10_15_7) AppleWebKit/537.36 (KHTML, like Gecko) Chrome/108.0.0.0 Safari/537.36"
139.162.84.205 - - [08/Oct/2023:21:37:32 +0900] "GET / HTTP/1.0" 502 568 "-" "Mozilla/5.0 (X11; Linux x86_64) AppleWebKit/537.36 (KHTML, like Gecko) Chrome/109.0.0.0 Safari/537.36"
54.167.61.61 - - [08/Oct/2023:21:47:20 +0900] "GET /?phpinfo=1 HTTP/1.1" 502 166 "-" "Mozilla/5.0 (Macintosh; Intel Mac OS X 10.15; rv:77.0) Gecko/20100101 Firefox/77.0"
185.254.196.173 - - [08/Oct/2023:22:09:12 +0900] "POST / HTTP/1.1" 502 568 "-" "Mozilla/5.0 (X11; Linux x86_64) AppleWebKit/537.36 (KHTML, like Gecko) Chrome/81.0.4044.129 Safari/537.36"
141.98.11.60 - - [08/Oct/2023:23:08:59 +0900] "GET / HTTP/1.1" 502 568 "-" "Mozilla/5.0 (Windows NT 10.0; Win64; x64) AppleWebKit/537.36 (KHTML, like Gecko) Chrome/90.0.4430.85 Safari/537.36 Edg/90.0.818.46"
139.162.84.205 - - [09/Oct/2023:01:37:15 +0900] "GET / HTTP/1.0" 502 568 "-" "Mozilla/5.0 (X11; Linux x86_64) AppleWebKit/537.36 (KHTML, like Gecko) Chrome/109.0.0.0 Safari/537.36"
185.254.196.186 - - [09/Oct/2023:02:34:56 +0900] "POST / HTTP/1.1" 502 568 "-" "Mozilla/5.0 (X11; Linux x86_64) AppleWebKit/537.36 (KHTML, like Gecko) Chrome/81.0.4044.129 Safari/537.36"
80.195.83.69 - - [09/Oct/2023:03:05:46 +0900] "GET / HTTP/1.1" 502 568 "-" "Mozilla/5.0 (Windows NT 10.0; WOW64) AppleWebKit/537.36 (KHTML, like Gecko) Chrome/51.0.2704.103 Safari/537.36"
80.195.83.69 - - [09/Oct/2023:03:05:46 +0900] "GET / HTTP/1.1" 502 568 "-" "Mozilla/5.0 (Windows NT 10.0; WOW64) AppleWebKit/537.36 (KHTML, like Gecko) Chrome/51.0.2704.103 Safari/537.36"
34.140.248.32 - - [09/Oct/2023:03:11:53 +0900] "GET / HTTP/1.1" 502 166 "-" "python-requests/2.31.0"
205.210.31.130 - - [09/Oct/2023:03:55:37 +0900] "GET / HTTP/1.1" 502 166 "-" "Expanse, a Palo Alto Networks company, searches across the global IPv4 space multiple times per day to identify customers&#39; presences on the Internet. If you would like to be excluded from our scans, please send IP addresses/domains to: scaninfo@paloaltonetworks.com"
152.32.180.98 - - [09/Oct/2023:04:15:31 +0900] "GET / HTTP/1.1" 502 166 "-" "-"
185.254.196.173 - - [09/Oct/2023:04:19:22 +0900] "POST / HTTP/1.1" 502 568 "-" "Mozilla/5.0 (X11; Linux x86_64) AppleWebKit/537.36 (KHTML, like Gecko) Chrome/81.0.4044.129 Safari/537.36"
198.235.24.161 - - [09/Oct/2023:04:40:29 +0900] "GET / HTTP/1.0" 502 166 "-" "Expanse, a Palo Alto Networks company, searches across the global IPv4 space multiple times per day to identify customers&#39; presences on the Internet. If you would like to be excluded from our scans, please send IP addresses/domains to: scaninfo@paloaltonetworks.com"
139.162.84.205 - - [09/Oct/2023:05:41:50 +0900] "GET / HTTP/1.0" 502 568 "-" "Mozilla/5.0 (X11; Linux x86_64) AppleWebKit/537.36 (KHTML, like Gecko) Chrome/109.0.0.0 Safari/537.36"
185.36.81.33 - - [09/Oct/2023:05:53:37 +0900] "GET / HTTP/1.1" 502 568 "-" "Mozilla/5.0 (Windows NT 10.0; Win64; x64) AppleWebKit/537.36 (KHTML, like Gecko) Chrome/90.0.4430.85 Safari/537.36 Edg/90.0.818.46"
185.217.119.20 - - [09/Oct/2023:05:54:38 +0900] "GET / HTTP/1.1" 502 568 "-" "Mozilla/5.0 (Windows NT 10.0; Win64; x64) AppleWebKit/537.36 (KHTML, like Gecko) Chrome/106.0.0.0 Safari/537.36"
185.217.119.20 - - [09/Oct/2023:05:55:41 +0900] "GET / HTTP/1.1" 502 166 "-" "Mozilla/5.0 (Macintosh; Intel Mac OS X 10_15_7) AppleWebKit/605.1.15 (KHTML, like Gecko) Version/16.0 Safari/605.1.15"
185.217.119.20 - - [09/Oct/2023:05:57:36 +0900] "GET / HTTP/1.1" 502 568 "-" "Mozilla/5.0 (Windows NT 10.0; Win64; x64) AppleWebKit/537.36 (KHTML, like Gecko) Chrome/106.0.0.0 Safari/537.36"
185.217.119.20 - - [09/Oct/2023:05:57:38 +0900] "POST / HTTP/1.1" 502 568 "-" "Mozilla/5.0 (Windows NT 10.0; Win64; x64) AppleWebKit/537.36 (KHTML, like Gecko) Chrome/105.0.0.0 Safari/537.36"
185.217.119.21 - - [09/Oct/2023:06:01:13 +0900] "GET / HTTP/1.1" 502 568 "-" "Mozilla/5.0 (Windows NT 10.0; Win64; x64) AppleWebKit/537.36 (KHTML, like Gecko) Chrome/106.0.0.0 Safari/537.36"
185.254.196.173 - - [09/Oct/2023:06:01:36 +0900] "POST / HTTP/1.1" 502 568 "-" "Mozilla/5.0 (X11; Linux x86_64) AppleWebKit/537.36 (KHTML, like Gecko) Chrome/81.0.4044.129 Safari/537.36"
185.217.119.4 - - [09/Oct/2023:06:03:46 +0900] "GET /?phpinfo=1 HTTP/1.1" 502 568 "-" "Mozilla/5.0 (Macintosh; Intel Mac OS X 10_15_7) AppleWebKit/537.36 (KHTML, like Gecko) Chrome/106.0.0.0 Safari/537.36"
185.217.119.20 - - [09/Oct/2023:06:03:52 +0900] "GET /?phpinfo=-1 HTTP/1.1" 502 166 "-" "Mozilla/5.0 (Windows NT 10.0; Win64; x64; rv:105.0) Gecko/20100101 Firefox/105.0"
185.217.119.20 - - [09/Oct/2023:06:04:17 +0900] "GET / HTTP/1.1" 502 568 "-" "Mozilla/5.0 (Macintosh; Intel Mac OS X 10_15_7) AppleWebKit/537.36 (KHTML, like Gecko) Chrome/105.0.0.0 Safari/537.36"
162.216.150.253 - - [09/Oct/2023:08:51:11 +0900] "GET / HTTP/1.1" 502 166 "-" "Expanse, a Palo Alto Networks company, searches across the global IPv4 space multiple times per day to identify customers&#39; presences on the Internet. If you would like to be excluded from our scans, please send IP addresses/domains to: scaninfo@paloaltonetworks.com"
35.203.210.183 - - [09/Oct/2023:09:23:58 +0900] "GET / HTTP/1.1" 502 166 "-" "Expanse, a Palo Alto Networks company, searches across the global IPv4 space multiple times per day to identify customers&#39; presences on the Internet. If you would like to be excluded from our scans, please send IP addresses/domains to: scaninfo@paloaltonetworks.com"
71.6.232.25 - - [09/Oct/2023:09:27:44 +0900] "GET / HTTP/1.1" 502 568 "-" "Mozilla/5.0 (Windows NT 10.0; Win64; x64) AppleWebKit/537.36 (KHTML, like Gecko) Chrome/74.0.3729.131 Safari/537.36"
139.162.84.205 - - [09/Oct/2023:09:43:38 +0900] "GET / HTTP/1.0" 502 568 "-" "Mozilla/5.0 (X11; Linux x86_64) AppleWebKit/537.36 (KHTML, like Gecko) Chrome/109.0.0.0 Safari/537.36"
35.203.210.222 - - [09/Oct/2023:09:55:28 +0900] "GET / HTTP/1.1" 502 166 "-" "Expanse, a Palo Alto Networks company, searches across the global IPv4 space multiple times per day to identify customers&#39; presences on the Internet. If you would like to be excluded from our scans, please send IP addresses/domains to: scaninfo@paloaltonetworks.com"
85.75.162.214 - - [09/Oct/2023:11:27:03 +0900] "GET / HTTP/1.1" 502 568 "-" "Mozilla/5.0 (Windows NT 6.1; WOW64) AppleWebKit/537.36 (KHTML, like Gecko) Chrome/52.0.2743.116 Safari/537.36"
204.101.161.19 - - [09/Oct/2023:12:43:16 +0900] "GET / HTTP/1.1" 502 568 "-" "Mozilla/5.0 (Windows NT 6.1; Win64; x64) AppleWebKit/537.36 (KHTML, like Gecko) Chrome/60.0.3112.90 Safari/537.36"
20.38.169.223 - - [09/Oct/2023:12:44:20 +0900] "POST / HTTP/1.1" 502 166 "-" "Mozilla/5.0 (Linux; U; Android 4.4.2; en-US; HM NOTE 1W Build/KOT49H) AppleWebKit/534.30 (KHTML, like Gecko) Version/4.0 UCBrowser/11.0.5.850 U3/0.8.0 Mobile Safari/534.30"
20.38.169.223 - - [09/Oct/2023:13:09:16 +0900] "POST / HTTP/1.1" 502 166 "-" "Mozilla/5.0 (Linux; U; Android 4.4.2; en-US; HM NOTE 1W Build/KOT49H) AppleWebKit/534.30 (KHTML, like Gecko) Version/4.0 UCBrowser/11.0.5.850 U3/0.8.0 Mobile Safari/534.30"
139.162.84.205 - - [09/Oct/2023:13:39:29 +0900] "GET / HTTP/1.0" 502 568 "-" "Mozilla/5.0 (X11; Linux x86_64) AppleWebKit/537.36 (KHTML, like Gecko) Chrome/109.0.0.0 Safari/537.36"
45.128.232.185 - - [09/Oct/2023:13:58:27 +0900] "GET / HTTP/1.1" 502 166 "-" "Go-http-client/1.1"
64.62.197.131 - - [09/Oct/2023:14:06:47 +0900] "GET / HTTP/1.1" 502 166 "-" "Mozilla/5.0 (Windows NT 10.0; rv:102.0) Gecko/20100101 Firefox/102.0"
185.254.196.186 - - [09/Oct/2023:15:05:41 +0900] "POST / HTTP/1.1" 502 568 "-" "Mozilla/5.0 (X11; Linux x86_64) AppleWebKit/537.36 (KHTML, like Gecko) Chrome/81.0.4044.129 Safari/537.36"
185.254.196.186 - - [09/Oct/2023:15:09:43 +0900] "POST / HTTP/1.1" 502 568 "-" "Mozilla/5.0 (X11; Linux x86_64) AppleWebKit/537.36 (KHTML, like Gecko) Chrome/81.0.4044.129 Safari/537.36"
162.142.125.215 - - [09/Oct/2023:16:31:19 +0900] "GET / HTTP/1.1" 502 166 "-" "-"
162.142.125.215 - - [09/Oct/2023:16:31:19 +0900] "GET / HTTP/1.1" 502 166 "-" "Mozilla/5.0 (compatible; CensysInspect/1.1; +https://about.censys.io/)"
176.65.12.234 - - [09/Oct/2023:16:43:00 +0900] "GET / HTTP/1.1" 502 568 "-" "Mozilla/5.0 (Windows NT 6.1; WOW64) AppleWebKit/537.36 (KHTML, like Gecko) Chrome/51.0.2704.103 Safari/537.36"
176.65.12.234 - - [09/Oct/2023:16:43:00 +0900] "GET / HTTP/1.1" 502 568 "-" "Mozilla/5.0 (Windows NT 6.1; WOW64) AppleWebKit/537.36 (KHTML, like Gecko) Chrome/51.0.2704.103 Safari/537.36"
139.162.84.205 - - [09/Oct/2023:17:37:30 +0900] "GET / HTTP/1.0" 502 568 "-" "Mozilla/5.0 (X11; Linux x86_64) AppleWebKit/537.36 (KHTML, like Gecko) Chrome/109.0.0.0 Safari/537.36"
103.252.119.194 - - [09/Oct/2023:18:38:25 +0900] "POST / HTTP/1.1" 502 568 "-" "Mozilla/5.0 (X11; Linux x86_64) AppleWebKit/537.36 (KHTML, like Gecko) Chrome/81.0.4044.129 Safari/537.36"
18.236.151.127 - - [09/Oct/2023:18:57:12 +0900] "GET / HTTP/1.1" 502 568 "-" "Mozilla/5.0 (Windows NT 10.0; Win64; x64) AppleWebKit/537.36 (KHTML, like Gecko) Chrome/77.0.3865.42 Safari/537.36"
18.236.151.127 - - [09/Oct/2023:19:02:39 +0900] "GET / HTTP/1.1" 502 568 "-" "Mozilla/5.0 (Macintosh; Intel Mac OS X 10_13_6) AppleWebKit/537.36 (KHTML, like Gecko) Chrome/77.0.3865.19 Safari/537.36"
135.125.217.54 - - [09/Oct/2023:19:51:01 +0900] "POST / HTTP/1.1" 502 568 "-" "Mozilla/5.0 (X11; Linux x86_64) AppleWebKit/537.36 (KHTML, like Gecko) Chrome/81.0.4044.129 Safari/537.36"
93.171.239.227 - - [09/Oct/2023:20:16:51 +0900] "GET / HTTP/1.1" 502 568 "-" "Mozilla/5.0 (Windows NT 10.0; WOW64) AppleWebKit/537.36 (KHTML, like Gecko) Chrome/51.0.2704.103 Safari/537.36"
118.193.39.91 - - [09/Oct/2023:20:31:23 +0900] "GET / HTTP/1.1" 502 166 "-" "curl/7.29.0"
152.32.247.130 - - [09/Oct/2023:20:31:28 +0900] "GET / HTTP/1.1" 502 568 "-" "Mozilla/5.0 (Windows NT 7_1_1; Win64; x64) AppleWebKit/575.44 (KHTML, like Gecko) Chrome/73.0.286 Safari/537.36"
58.144.148.20 - - [09/Oct/2023:20:49:29 +0900] "GET / HTTP/1.1" 502 568 "-" "Mozilla/5.0 (Windows NT 10.0; Win64; x64) AppleWebKit/537.36 (KHTML, like Gecko) Chrome/63.0.3239.84 Safari/537.36"
135.125.244.48 - - [09/Oct/2023:20:55:32 +0900] "POST / HTTP/1.1" 502 568 "-" "Mozilla/5.0 (X11; Linux x86_64) AppleWebKit/537.36 (KHTML, like Gecko) Chrome/81.0.4044.129 Safari/537.36"
209.159.153.74 - - [09/Oct/2023:21:07:53 +0900] "GET / HTTP/1.1" 502 166 "-" "Hello World"
135.125.244.48 - - [09/Oct/2023:21:21:04 +0900] "POST / HTTP/1.1" 502 568 "-" "Mozilla/5.0 (X11; Linux x86_64) AppleWebKit/537.36 (KHTML, like Gecko) Chrome/81.0.4044.129 Safari/537.36"
139.162.84.205 - - [09/Oct/2023:21:37:55 +0900] "GET / HTTP/1.0" 502 568 "-" "Mozilla/5.0 (X11; Linux x86_64) AppleWebKit/537.36 (KHTML, like Gecko) Chrome/109.0.0.0 Safari/537.36"
135.125.246.189 - - [09/Oct/2023:22:11:42 +0900] "POST / HTTP/1.1" 502 568 "-" "Mozilla/5.0 (X11; Linux x86_64) AppleWebKit/537.36 (KHTML, like Gecko) Chrome/81.0.4044.129 Safari/537.36"
135.125.246.189 - - [09/Oct/2023:23:30:33 +0900] "POST / HTTP/1.1" 502 568 "-" "Mozilla/5.0 (X11; Linux x86_64) AppleWebKit/537.36 (KHTML, like Gecko) Chrome/81.0.4044.129 Safari/537.36"
192.241.217.36 - - [10/Oct/2023:00:27:38 +0900] "GET / HTTP/1.1" 502 166 "-" "Mozilla/5.0 zgrab/0.x"
135.125.244.48 - - [10/Oct/2023:01:01:01 +0900] "POST / HTTP/1.1" 502 568 "-" "Mozilla/5.0 (X11; Linux x86_64) AppleWebKit/537.36 (KHTML, like Gecko) Chrome/81.0.4044.129 Safari/537.36"
87.236.176.107 - - [10/Oct/2023:01:09:01 +0900] "GET / HTTP/1.1" 502 166 "-" "Mozilla/5.0 (compatible; InternetMeasurement/1.0; +https://internet-measurement.com/)"
45.128.232.185 - - [10/Oct/2023:01:31:01 +0900] "GET / HTTP/1.1" 502 166 "-" "Go-http-client/1.1"
139.162.84.205 - - [10/Oct/2023:01:39:15 +0900] "GET / HTTP/1.0" 502 568 "-" "Mozilla/5.0 (X11; Linux x86_64) AppleWebKit/537.36 (KHTML, like Gecko) Chrome/109.0.0.0 Safari/537.36"
45.56.86.210 - - [10/Oct/2023:01:43:33 +0900] "GET / HTTP/1.1" 502 166 "-" "Mozilla/5.0 (Linux; U; Android 1.5; en-us; sdk Build/CUPCAKE) AppleWebkit/528.5  (KHTML, like Gecko) Version/3.1.2 Mobile Safari/525.20.1"
34.86.103.160 - - [10/Oct/2023:01:54:00 +0900] "OPTIONS / HTTP/1.0" 502 166 "-" "-"
135.125.244.48 - - [10/Oct/2023:02:03:26 +0900] "POST / HTTP/1.1" 502 568 "-" "Mozilla/5.0 (X11; Linux x86_64) AppleWebKit/537.36 (KHTML, like Gecko) Chrome/81.0.4044.129 Safari/537.36"
138.68.153.47 - - [10/Oct/2023:02:28:06 +0900] "GET / HTTP/1.1" 502 166 "-" "Mozilla/5.0 zgrab/0.x"
103.80.134.160 - - [10/Oct/2023:02:31:39 +0900] "GET / HTTP/1.1" 502 166 "-" "-"
185.254.196.173 - - [10/Oct/2023:03:03:45 +0900] "POST / HTTP/1.1" 502 568 "-" "Mozilla/5.0 (X11; Linux x86_64) AppleWebKit/537.36 (KHTML, like Gecko) Chrome/81.0.4044.129 Safari/537.36"
128.1.248.42 - - [10/Oct/2023:03:57:11 +0900] "GET / HTTP/1.1" 502 568 "-" "Mozilla/5.0 (Windows NT 10.0; Win64; x64) AppleWebKit/537.36 (KHTML, like Gecko) Chrome/60.0.3112.113 Safari/537.36"
135.125.244.48 - - [10/Oct/2023:05:04:20 +0900] "POST / HTTP/1.1" 502 568 "-" "Mozilla/5.0 (X11; Linux x86_64) AppleWebKit/537.36 (KHTML, like Gecko) Chrome/81.0.4044.129 Safari/537.36"
18.143.155.103 - - [10/Oct/2023:05:36:50 +0900] "GET / HTTP/1.1" 502 568 "-" "Mozilla/5.0 (Windows NT 10.0; Win64; x64) AppleWebKit/537.36 (KHTML, like Gecko) Chrome/42.0.2311.135 Safari/537.36 Edge/12.246"
18.143.155.103 - - [10/Oct/2023:05:37:14 +0900] "GET / HTTP/1.1" 502 568 "-" "Mozilla/5.0 (Windows NT 10.0; Win64; x64) AppleWebKit/537.36 (KHTML, like Gecko) Chrome/42.0.2311.135 Safari/537.36 Edge/12.246"
18.143.155.103 - - [10/Oct/2023:05:37:26 +0900] "POST / HTTP/1.1" 502 568 "-" "Mozilla/5.0 (Windows NT 10.0; Win64; x64) AppleWebKit/537.36 (KHTML, like Gecko) Chrome/42.0.2311.135 Safari/537.36 Edge/12.246"
139.162.84.205 - - [10/Oct/2023:05:41:13 +0900] "GET / HTTP/1.0" 502 568 "-" "Mozilla/5.0 (X11; Linux x86_64) AppleWebKit/537.36 (KHTML, like Gecko) Chrome/109.0.0.0 Safari/537.36"
135.125.244.48 - - [10/Oct/2023:06:18:34 +0900] "POST / HTTP/1.1" 502 568 "-" "Mozilla/5.0 (X11; Linux x86_64) AppleWebKit/537.36 (KHTML, like Gecko) Chrome/81.0.4044.129 Safari/537.36"
198.235.24.159 - - [10/Oct/2023:06:53:22 +0900] "GET / HTTP/1.0" 502 166 "-" "Expanse, a Palo Alto Networks company, searches across the global IPv4 space multiple times per day to identify customers&#39; presences on the Internet. If you would like to be excluded from our scans, please send IP addresses/domains to: scaninfo@paloaltonetworks.com"
198.235.24.90 - - [10/Oct/2023:07:01:17 +0900] "GET / HTTP/1.0" 502 166 "-" "Expanse, a Palo Alto Networks company, searches across the global IPv4 space multiple times per day to identify customers&#39; presences on the Internet. If you would like to be excluded from our scans, please send IP addresses/domains to: scaninfo@paloaltonetworks.com"
135.125.244.48 - - [10/Oct/2023:07:18:16 +0900] "POST / HTTP/1.1" 502 568 "-" "Mozilla/5.0 (X11; Linux x86_64) AppleWebKit/537.36 (KHTML, like Gecko) Chrome/81.0.4044.129 Safari/537.36"
135.125.244.48 - - [10/Oct/2023:08:14:11 +0900] "POST / HTTP/1.1" 502 568 "-" "Mozilla/5.0 (X11; Linux x86_64) AppleWebKit/537.36 (KHTML, like Gecko) Chrome/81.0.4044.129 Safari/537.36"
35.195.93.98 - - [10/Oct/2023:08:21:55 +0900] "GET / HTTP/1.1" 502 166 "-" "python-requests/2.31.0"
106.241.55.58 - - [10/Oct/2023:09:34:05 +0900] "GET / HTTP/1.1" 200 312 "-" "Mozilla/5.0 (Macintosh; Intel Mac OS X 10_15_7) AppleWebKit/537.36 (KHTML, like Gecko) Chrome/116.0.0.0 Safari/537.36"
